// Validating benchmarks:
// ***** BenchmarkRunner: Start   *****
// ***** Found 5 benchmark(s) in total *****
// ***** Building 1 exe(s) in Parallel: Start   *****
// start dotnet  restore /p:UseSharedCompilation=false /p:BuildInParallel=false /m:1 /p:Deterministic=true /p:Optimize=true in C:\Magisterka\Kod\Deedle\tests\Deedle.Benchmarks\bin\Release\net10.0\4a2d3634-ab6a-4e4c-996f-3c476f013b18
// command took 7.6 sec and exited with 0
// start dotnet  build -c Release --no-restore /p:UseSharedCompilation=false /p:BuildInParallel=false /m:1 /p:Deterministic=true /p:Optimize=true in C:\Magisterka\Kod\Deedle\tests\Deedle.Benchmarks\bin\Release\net10.0\4a2d3634-ab6a-4e4c-996f-3c476f013b18
// command took 13.17 sec and exited with 0
// ***** Done, took 00:00:23 (23.52 sec)   *****
// Found 5 benchmarks:
//   RealSourceBenchmarks.VirtualCsv_FilterRowsBy_Step: Job-RXPTLX(IterationCount=5, WarmupCount=2)
//   RealSourceBenchmarks.VirtualCsv_Slice1000: Job-RXPTLX(IterationCount=5, WarmupCount=2)
//   RealSourceBenchmarks.VirtualCsv_StatsSum: Job-RXPTLX(IterationCount=5, WarmupCount=2)
//   RealSourceBenchmarks.MaterializedReadCsv_FilterScan: Job-RXPTLX(IterationCount=5, WarmupCount=2)
//   RealSourceBenchmarks.MaterializedReadCsv_StatsSum: Job-RXPTLX(IterationCount=5, WarmupCount=2)

Setup power plan (GUID: 8c5e7fda-e8bf-4a96-9a85-a6e23a8c635c FriendlyName: Wysoka wydajność)
// **************************
// Benchmark: RealSourceBenchmarks.VirtualCsv_FilterRowsBy_Step: Job-RXPTLX(IterationCount=5, WarmupCount=2)
// *** Execute ***
// Launch: 1 / 1
// Execute: dotnet 4a2d3634-ab6a-4e4c-996f-3c476f013b18.dll --anonymousPipes 636 640 --benchmarkName Deedle.Benchmarks.RealSourceBenchmarks.VirtualCsv_FilterRowsBy_Step --job "IterationCount=5, WarmupCount=2" --benchmarkId 0 in C:\Magisterka\Kod\Deedle\tests\Deedle.Benchmarks\bin\Release\net10.0\4a2d3634-ab6a-4e4c-996f-3c476f013b18\bin\Release\net10.0
// BeforeAnythingElse

// Benchmark Process Environment Information:
// BenchmarkDotNet v0.13.12
// Runtime=.NET 10.0.11 (10.0.1126.37416), X64 RyuJIT AVX2
// GC=Concurrent Workstation
// HardwareIntrinsics=AVX2,AES,BMI1,BMI2,FMA,LZCNT,PCLMUL,POPCNT VectorSize=256
// Job: Job-WEKMAL(IterationCount=5, WarmupCount=2)

OverheadJitting  1: 1 op, 1196700.00 ns, 1.1967 ms/op
WorkloadJitting  1: 1 op, 121023700.00 ns, 121.0237 ms/op

WorkloadPilot    1: 2 op, 255000.00 ns, 127.5000 us/op
WorkloadPilot    2: 3 op, 197600.00 ns, 65.8667 us/op
WorkloadPilot    3: 4 op, 239700.00 ns, 59.9250 us/op
WorkloadPilot    4: 5 op, 168900.00 ns, 33.7800 us/op
WorkloadPilot    5: 6 op, 554200.00 ns, 92.3667 us/op
WorkloadPilot    6: 7 op, 202700.00 ns, 28.9571 us/op
WorkloadPilot    7: 8 op, 372000.00 ns, 46.5000 us/op
WorkloadPilot    8: 9 op, 311300.00 ns, 34.5889 us/op
WorkloadPilot    9: 10 op, 275800.00 ns, 27.5800 us/op
WorkloadPilot   10: 11 op, 1320800.00 ns, 120.0727 us/op
WorkloadPilot   11: 12 op, 598100.00 ns, 49.8417 us/op
WorkloadPilot   12: 13 op, 188100.00 ns, 14.4692 us/op
WorkloadPilot   13: 14 op, 163500.00 ns, 11.6786 us/op
WorkloadPilot   14: 15 op, 318500.00 ns, 21.2333 us/op
WorkloadPilot   15: 16 op, 276400.00 ns, 17.2750 us/op
WorkloadPilot   16: 32 op, 314300.00 ns, 9.8219 us/op
WorkloadPilot   17: 64 op, 593700.00 ns, 9.2766 us/op
WorkloadPilot   18: 128 op, 1190600.00 ns, 9.3016 us/op
WorkloadPilot   19: 256 op, 2114400.00 ns, 8.2594 us/op
WorkloadPilot   20: 512 op, 10063200.00 ns, 19.6547 us/op
WorkloadPilot   21: 1024 op, 14751700.00 ns, 14.4060 us/op
WorkloadPilot   22: 2048 op, 31214700.00 ns, 15.2416 us/op
WorkloadPilot   23: 4096 op, 82259100.00 ns, 20.0828 us/op
WorkloadPilot   24: 8192 op, 145335200.00 ns, 17.7411 us/op
WorkloadPilot   25: 16384 op, 222866600.00 ns, 13.6027 us/op
WorkloadPilot   26: 32768 op, 226680100.00 ns, 6.9177 us/op
WorkloadPilot   27: 65536 op, 443419400.00 ns, 6.7660 us/op
WorkloadPilot   28: 131072 op, 903956100.00 ns, 6.8966 us/op

WorkloadWarmup   1: 131072 op, 549739600.00 ns, 4.1942 us/op
WorkloadWarmup   2: 131072 op, 515538600.00 ns, 3.9332 us/op

// BeforeActualRun
WorkloadActual   1: 131072 op, 532759800.00 ns, 4.0646 us/op
WorkloadActual   2: 131072 op, 449439400.00 ns, 3.4290 us/op
WorkloadActual   3: 131072 op, 448391600.00 ns, 3.4210 us/op
WorkloadActual   4: 131072 op, 418436100.00 ns, 3.1924 us/op
WorkloadActual   5: 131072 op, 449343000.00 ns, 3.4282 us/op

// AfterActualRun
WorkloadResult   1: 131072 op, 449439400.00 ns, 3.4290 us/op
WorkloadResult   2: 131072 op, 448391600.00 ns, 3.4210 us/op
WorkloadResult   3: 131072 op, 418436100.00 ns, 3.1924 us/op
WorkloadResult   4: 131072 op, 449343000.00 ns, 3.4282 us/op
// GC:  78 0 0 329252928 131072
// Threading:  0 0 131072

// AfterAll
// Benchmark Process 1028 has exited with code 0.

Mean = 3.368 μs, StdErr = 0.058 μs (1.74%), N = 4, StdDev = 0.117 μs
Min = 3.192 μs, Q1 = 3.364 μs, Median = 3.425 μs, Q3 = 3.428 μs, Max = 3.429 μs
IQR = 0.065 μs, LowerFence = 3.267 μs, UpperFence = 3.525 μs
ConfidenceInterval = [2.612 μs; 4.123 μs] (CI 99.9%), Margin = 0.755 μs (22.43% of Mean)
Skewness = -0.75, Kurtosis = 1.31, MValue = 2

// ** Remained 4 (80,0%) benchmark(s) to run. Estimated finish 2026-08-17 13:14 (0h 1m from now) **
Setup power plan (GUID: 8c5e7fda-e8bf-4a96-9a85-a6e23a8c635c FriendlyName: Wysoka wydajność)
// **************************
// Benchmark: RealSourceBenchmarks.VirtualCsv_Slice1000: Job-RXPTLX(IterationCount=5, WarmupCount=2)
// *** Execute ***
// Launch: 1 / 1
// Execute: dotnet 4a2d3634-ab6a-4e4c-996f-3c476f013b18.dll --anonymousPipes 8732 1920 --benchmarkName Deedle.Benchmarks.RealSourceBenchmarks.VirtualCsv_Slice1000 --job "IterationCount=5, WarmupCount=2" --benchmarkId 1 in C:\Magisterka\Kod\Deedle\tests\Deedle.Benchmarks\bin\Release\net10.0\4a2d3634-ab6a-4e4c-996f-3c476f013b18\bin\Release\net10.0
// BeforeAnythingElse

// Benchmark Process Environment Information:
// BenchmarkDotNet v0.13.12
// Runtime=.NET 10.0.11 (10.0.1126.37416), X64 RyuJIT AVX2
// GC=Concurrent Workstation
// HardwareIntrinsics=AVX2,AES,BMI1,BMI2,FMA,LZCNT,PCLMUL,POPCNT VectorSize=256
// Job: Job-WGFPJR(IterationCount=5, WarmupCount=2)

OverheadJitting  1: 1 op, 496300.00 ns, 496.3000 us/op
WorkloadJitting  1: 1 op, 35765100.00 ns, 35.7651 ms/op

WorkloadPilot    1: 2 op, 262400.00 ns, 131.2000 us/op
WorkloadPilot    2: 3 op, 69700.00 ns, 23.2333 us/op
WorkloadPilot    3: 4 op, 63400.00 ns, 15.8500 us/op
WorkloadPilot    4: 5 op, 213100.00 ns, 42.6200 us/op
WorkloadPilot    5: 6 op, 153000.00 ns, 25.5000 us/op
WorkloadPilot    6: 7 op, 135900.00 ns, 19.4143 us/op
WorkloadPilot    7: 8 op, 101600.00 ns, 12.7000 us/op
WorkloadPilot    8: 9 op, 75300.00 ns, 8.3667 us/op
WorkloadPilot    9: 10 op, 73300.00 ns, 7.3300 us/op
WorkloadPilot   10: 11 op, 140400.00 ns, 12.7636 us/op
WorkloadPilot   11: 12 op, 225400.00 ns, 18.7833 us/op
WorkloadPilot   12: 13 op, 75100.00 ns, 5.7769 us/op
WorkloadPilot   13: 14 op, 113600.00 ns, 8.1143 us/op
WorkloadPilot   14: 15 op, 218700.00 ns, 14.5800 us/op
WorkloadPilot   15: 16 op, 75300.00 ns, 4.7062 us/op
WorkloadPilot   16: 32 op, 299600.00 ns, 9.3625 us/op
WorkloadPilot   17: 64 op, 213100.00 ns, 3.3297 us/op
WorkloadPilot   18: 128 op, 362300.00 ns, 2.8305 us/op
WorkloadPilot   19: 256 op, 870500.00 ns, 3.4004 us/op
WorkloadPilot   20: 512 op, 1619400.00 ns, 3.1629 us/op
WorkloadPilot   21: 1024 op, 7510700.00 ns, 7.3347 us/op
WorkloadPilot   22: 2048 op, 12826600.00 ns, 6.2630 us/op
WorkloadPilot   23: 4096 op, 23372700.00 ns, 5.7062 us/op
WorkloadPilot   24: 8192 op, 36208600.00 ns, 4.4200 us/op
WorkloadPilot   25: 16384 op, 54795800.00 ns, 3.3445 us/op
WorkloadPilot   26: 32768 op, 103547000.00 ns, 3.1600 us/op
WorkloadPilot   27: 65536 op, 117646400.00 ns, 1.7951 us/op
WorkloadPilot   28: 131072 op, 165451700.00 ns, 1.2623 us/op
WorkloadPilot   29: 262144 op, 353107000.00 ns, 1.3470 us/op
WorkloadPilot   30: 524288 op, 696859700.00 ns, 1.3292 us/op

WorkloadWarmup   1: 524288 op, 753892100.00 ns, 1.4379 us/op
WorkloadWarmup   2: 524288 op, 666106000.00 ns, 1.2705 us/op

// BeforeActualRun
WorkloadActual   1: 524288 op, 776349300.00 ns, 1.4808 us/op
WorkloadActual   2: 524288 op, 731212900.00 ns, 1.3947 us/op
WorkloadActual   3: 524288 op, 867212100.00 ns, 1.6541 us/op
WorkloadActual   4: 524288 op, 1062864100.00 ns, 2.0273 us/op
WorkloadActual   5: 524288 op, 680744300.00 ns, 1.2984 us/op

// AfterActualRun
WorkloadResult   1: 524288 op, 776349300.00 ns, 1.4808 us/op
WorkloadResult   2: 524288 op, 731212900.00 ns, 1.3947 us/op
WorkloadResult   3: 524288 op, 867212100.00 ns, 1.6541 us/op
WorkloadResult   4: 524288 op, 1062864100.00 ns, 2.0273 us/op
WorkloadResult   5: 524288 op, 680744300.00 ns, 1.2984 us/op
// GC:  152 0 0 637534272 524288
// Threading:  0 0 524288

// AfterAll
// Benchmark Process 35516 has exited with code 0.

Mean = 1.571 μs, StdErr = 0.128 μs (8.16%), N = 5, StdDev = 0.287 μs
Min = 1.298 μs, Q1 = 1.395 μs, Median = 1.481 μs, Q3 = 1.654 μs, Max = 2.027 μs
IQR = 0.259 μs, LowerFence = 1.006 μs, UpperFence = 2.043 μs
ConfidenceInterval = [0.467 μs; 2.675 μs] (CI 99.9%), Margin = 1.104 μs (70.25% of Mean)
Skewness = 0.59, Kurtosis = 1.48, MValue = 2

// ** Remained 3 (60,0%) benchmark(s) to run. Estimated finish 2026-08-17 13:14 (0h 0m from now) **
Setup power plan (GUID: 8c5e7fda-e8bf-4a96-9a85-a6e23a8c635c FriendlyName: Wysoka wydajność)
// **************************
// Benchmark: RealSourceBenchmarks.VirtualCsv_StatsSum: Job-RXPTLX(IterationCount=5, WarmupCount=2)
// *** Execute ***
// Launch: 1 / 1
// Execute: dotnet 4a2d3634-ab6a-4e4c-996f-3c476f013b18.dll --anonymousPipes 9608 5496 --benchmarkName Deedle.Benchmarks.RealSourceBenchmarks.VirtualCsv_StatsSum --job "IterationCount=5, WarmupCount=2" --benchmarkId 2 in C:\Magisterka\Kod\Deedle\tests\Deedle.Benchmarks\bin\Release\net10.0\4a2d3634-ab6a-4e4c-996f-3c476f013b18\bin\Release\net10.0
// BeforeAnythingElse

// Benchmark Process Environment Information:
// BenchmarkDotNet v0.13.12
// Runtime=.NET 10.0.11 (10.0.1126.37416), X64 RyuJIT AVX2
// GC=Concurrent Workstation
// HardwareIntrinsics=AVX2,AES,BMI1,BMI2,FMA,LZCNT,PCLMUL,POPCNT VectorSize=256
// Job: Job-QQCYAI(IterationCount=5, WarmupCount=2)

OverheadJitting  1: 1 op, 1372500.00 ns, 1.3725 ms/op
WorkloadJitting  1: 1 op, 142357500.00 ns, 142.3575 ms/op

WorkloadPilot    1: 2 op, 227074200.00 ns, 113.5371 ms/op
WorkloadPilot    2: 3 op, 200428500.00 ns, 66.8095 ms/op
WorkloadPilot    3: 4 op, 252022600.00 ns, 63.0057 ms/op
WorkloadPilot    4: 5 op, 313960600.00 ns, 62.7921 ms/op
WorkloadPilot    5: 6 op, 366225000.00 ns, 61.0375 ms/op
WorkloadPilot    6: 7 op, 436691000.00 ns, 62.3844 ms/op
WorkloadPilot    7: 8 op, 513185300.00 ns, 64.1482 ms/op

WorkloadWarmup   1: 8 op, 482137000.00 ns, 60.2671 ms/op
WorkloadWarmup   2: 8 op, 480945500.00 ns, 60.1182 ms/op

// BeforeActualRun
WorkloadActual   1: 8 op, 460591800.00 ns, 57.5740 ms/op
WorkloadActual   2: 8 op, 475092500.00 ns, 59.3866 ms/op
WorkloadActual   3: 8 op, 501150100.00 ns, 62.6438 ms/op
WorkloadActual   4: 8 op, 492698000.00 ns, 61.5872 ms/op
WorkloadActual   5: 8 op, 516678200.00 ns, 64.5848 ms/op

// AfterActualRun
WorkloadResult   1: 8 op, 460591800.00 ns, 57.5740 ms/op
WorkloadResult   2: 8 op, 475092500.00 ns, 59.3866 ms/op
WorkloadResult   3: 8 op, 501150100.00 ns, 62.6438 ms/op
WorkloadResult   4: 8 op, 492698000.00 ns, 61.5872 ms/op
WorkloadResult   5: 8 op, 516678200.00 ns, 64.5848 ms/op
// GC:  104 0 0 438406080 8
// Threading:  0 0 8

// AfterAll
// Benchmark Process 30040 has exited with code 0.

Mean = 61.155 ms, StdErr = 1.227 ms (2.01%), N = 5, StdDev = 2.744 ms
Min = 57.574 ms, Q1 = 59.387 ms, Median = 61.587 ms, Q3 = 62.644 ms, Max = 64.585 ms
IQR = 3.257 ms, LowerFence = 54.501 ms, UpperFence = 67.530 ms
ConfidenceInterval = [50.589 ms; 71.721 ms] (CI 99.9%), Margin = 10.566 ms (17.28% of Mean)
Skewness = -0.08, Kurtosis = 1.12, MValue = 2

// ** Remained 2 (40,0%) benchmark(s) to run. Estimated finish 2026-08-17 13:14 (0h 0m from now) **
Setup power plan (GUID: 8c5e7fda-e8bf-4a96-9a85-a6e23a8c635c FriendlyName: Wysoka wydajność)
// **************************
// Benchmark: RealSourceBenchmarks.MaterializedReadCsv_FilterScan: Job-RXPTLX(IterationCount=5, WarmupCount=2)
// *** Execute ***
// Launch: 1 / 1
// Execute: dotnet 4a2d3634-ab6a-4e4c-996f-3c476f013b18.dll --anonymousPipes 10276 4152 --benchmarkName Deedle.Benchmarks.RealSourceBenchmarks.MaterializedReadCsv_FilterScan --job "IterationCount=5, WarmupCount=2" --benchmarkId 3 in C:\Magisterka\Kod\Deedle\tests\Deedle.Benchmarks\bin\Release\net10.0\4a2d3634-ab6a-4e4c-996f-3c476f013b18\bin\Release\net10.0
// BeforeAnythingElse

// Benchmark Process Environment Information:
// BenchmarkDotNet v0.13.12
// Runtime=.NET 10.0.11 (10.0.1126.37416), X64 RyuJIT AVX2
// GC=Concurrent Workstation
// HardwareIntrinsics=AVX2,AES,BMI1,BMI2,FMA,LZCNT,PCLMUL,POPCNT VectorSize=256
// Job: Job-VGVGJW(IterationCount=5, WarmupCount=2)

OverheadJitting  1: 1 op, 474600.00 ns, 474.6000 us/op
WorkloadJitting  1: 1 op, 47774500.00 ns, 47.7745 ms/op

WorkloadPilot    1: 2 op, 26231000.00 ns, 13.1155 ms/op
WorkloadPilot    2: 3 op, 41176000.00 ns, 13.7253 ms/op
WorkloadPilot    3: 4 op, 78625000.00 ns, 19.6562 ms/op
WorkloadPilot    4: 5 op, 31886100.00 ns, 6.3772 ms/op
WorkloadPilot    5: 6 op, 40352900.00 ns, 6.7255 ms/op
WorkloadPilot    6: 7 op, 48599200.00 ns, 6.9427 ms/op
WorkloadPilot    7: 8 op, 50080100.00 ns, 6.2600 ms/op
WorkloadPilot    8: 9 op, 53364800.00 ns, 5.9294 ms/op
WorkloadPilot    9: 10 op, 65865700.00 ns, 6.5866 ms/op
WorkloadPilot   10: 11 op, 56330500.00 ns, 5.1210 ms/op
WorkloadPilot   11: 12 op, 98714600.00 ns, 8.2262 ms/op
WorkloadPilot   12: 13 op, 65262800.00 ns, 5.0202 ms/op
WorkloadPilot   13: 14 op, 82792700.00 ns, 5.9138 ms/op
WorkloadPilot   14: 15 op, 84562800.00 ns, 5.6375 ms/op
WorkloadPilot   15: 16 op, 107129800.00 ns, 6.6956 ms/op
WorkloadPilot   16: 32 op, 170581800.00 ns, 5.3307 ms/op
WorkloadPilot   17: 64 op, 338163700.00 ns, 5.2838 ms/op
WorkloadPilot   18: 128 op, 727179500.00 ns, 5.6811 ms/op

WorkloadWarmup   1: 128 op, 834656200.00 ns, 6.5208 ms/op
WorkloadWarmup   2: 128 op, 895910300.00 ns, 6.9993 ms/op

// BeforeActualRun
WorkloadActual   1: 128 op, 859648600.00 ns, 6.7160 ms/op
WorkloadActual   2: 128 op, 814056000.00 ns, 6.3598 ms/op
WorkloadActual   3: 128 op, 664378400.00 ns, 5.1905 ms/op
WorkloadActual   4: 128 op, 697617600.00 ns, 5.4501 ms/op
WorkloadActual   5: 128 op, 673960500.00 ns, 5.2653 ms/op

// AfterActualRun
WorkloadResult   1: 128 op, 859648600.00 ns, 6.7160 ms/op
WorkloadResult   2: 128 op, 814056000.00 ns, 6.3598 ms/op
WorkloadResult   3: 128 op, 664378400.00 ns, 5.1905 ms/op
WorkloadResult   4: 128 op, 697617600.00 ns, 5.4501 ms/op
WorkloadResult   5: 128 op, 673960500.00 ns, 5.2653 ms/op
// GC:  0 0 0 11376 128
// Threading:  0 0 128

// AfterAll
// Benchmark Process 27492 has exited with code 0.

Mean = 5.796 ms, StdErr = 0.311 ms (5.36%), N = 5, StdDev = 0.695 ms
Min = 5.190 ms, Q1 = 5.265 ms, Median = 5.450 ms, Q3 = 6.360 ms, Max = 6.716 ms
IQR = 1.094 ms, LowerFence = 3.624 ms, UpperFence = 8.002 ms
ConfidenceInterval = [3.120 ms; 8.473 ms] (CI 99.9%), Margin = 2.676 ms (46.17% of Mean)
Skewness = 0.32, Kurtosis = 0.9, MValue = 2

// ** Remained 1 (20,0%) benchmark(s) to run. Estimated finish 2026-08-17 13:14 (0h 0m from now) **
Setup power plan (GUID: 8c5e7fda-e8bf-4a96-9a85-a6e23a8c635c FriendlyName: Wysoka wydajność)
// **************************
// Benchmark: RealSourceBenchmarks.MaterializedReadCsv_StatsSum: Job-RXPTLX(IterationCount=5, WarmupCount=2)
// *** Execute ***
// Launch: 1 / 1
// Execute: dotnet 4a2d3634-ab6a-4e4c-996f-3c476f013b18.dll --anonymousPipes 4152 2984 --benchmarkName Deedle.Benchmarks.RealSourceBenchmarks.MaterializedReadCsv_StatsSum --job "IterationCount=5, WarmupCount=2" --benchmarkId 4 in C:\Magisterka\Kod\Deedle\tests\Deedle.Benchmarks\bin\Release\net10.0\4a2d3634-ab6a-4e4c-996f-3c476f013b18\bin\Release\net10.0
// BeforeAnythingElse

// Benchmark Process Environment Information:
// BenchmarkDotNet v0.13.12
// Runtime=.NET 10.0.11 (10.0.1126.37416), X64 RyuJIT AVX2
// GC=Concurrent Workstation
// HardwareIntrinsics=AVX2,AES,BMI1,BMI2,FMA,LZCNT,PCLMUL,POPCNT VectorSize=256
// Job: Job-PPVWNN(IterationCount=5, WarmupCount=2)

OverheadJitting  1: 1 op, 1228700.00 ns, 1.2287 ms/op
WorkloadJitting  1: 1 op, 139320600.00 ns, 139.3206 ms/op

WorkloadPilot    1: 2 op, 138961600.00 ns, 69.4808 ms/op
WorkloadPilot    2: 3 op, 209513700.00 ns, 69.8379 ms/op
WorkloadPilot    3: 4 op, 119982200.00 ns, 29.9956 ms/op
WorkloadPilot    4: 5 op, 162159200.00 ns, 32.4318 ms/op
WorkloadPilot    5: 6 op, 212344600.00 ns, 35.3908 ms/op
WorkloadPilot    6: 7 op, 223113900.00 ns, 31.8734 ms/op
WorkloadPilot    7: 8 op, 288201000.00 ns, 36.0251 ms/op
WorkloadPilot    8: 9 op, 310826200.00 ns, 34.5362 ms/op
WorkloadPilot    9: 10 op, 330819800.00 ns, 33.0820 ms/op
WorkloadPilot   10: 11 op, 352059700.00 ns, 32.0054 ms/op
WorkloadPilot   11: 12 op, 354850300.00 ns, 29.5709 ms/op
WorkloadPilot   12: 13 op, 401686400.00 ns, 30.8990 ms/op
WorkloadPilot   13: 14 op, 434470700.00 ns, 31.0336 ms/op
WorkloadPilot   14: 15 op, 546180300.00 ns, 36.4120 ms/op

WorkloadWarmup   1: 15 op, 499361600.00 ns, 33.2908 ms/op
WorkloadWarmup   2: 15 op, 478642500.00 ns, 31.9095 ms/op

// BeforeActualRun
WorkloadActual   1: 15 op, 567599900.00 ns, 37.8400 ms/op
WorkloadActual   2: 15 op, 522120900.00 ns, 34.8081 ms/op
WorkloadActual   3: 15 op, 807891100.00 ns, 53.8594 ms/op
WorkloadActual   4: 15 op, 549591300.00 ns, 36.6394 ms/op
WorkloadActual   5: 15 op, 586424000.00 ns, 39.0949 ms/op

// AfterActualRun
WorkloadResult   1: 15 op, 567599900.00 ns, 37.8400 ms/op
WorkloadResult   2: 15 op, 522120900.00 ns, 34.8081 ms/op
WorkloadResult   3: 15 op, 549591300.00 ns, 36.6394 ms/op
WorkloadResult   4: 15 op, 586424000.00 ns, 39.0949 ms/op
// GC:  87 1 1 396011936 15
// Threading:  0 0 15

// AfterAll
// Benchmark Process 25164 has exited with code 0.

Mean = 37.096 ms, StdErr = 0.913 ms (2.46%), N = 4, StdDev = 1.825 ms
Min = 34.808 ms, Q1 = 36.182 ms, Median = 37.240 ms, Q3 = 38.154 ms, Max = 39.095 ms
IQR = 1.972 ms, LowerFence = 33.223 ms, UpperFence = 41.112 ms
ConfidenceInterval = [25.302 ms; 48.889 ms] (CI 99.9%), Margin = 11.793 ms (31.79% of Mean)
Skewness = -0.15, Kurtosis = 0.99, MValue = 2

// ** Remained 0 (0,0%) benchmark(s) to run. Estimated finish 2026-08-17 13:14 (0h 0m from now) **
Successfully reverted power plan (GUID: 8c5e7fda-e8bf-4a96-9a85-a6e23a8c635c FriendlyName: Wysoka wydajność)
// ***** BenchmarkRunner: Finish  *****

// * Export *
  BenchmarkDotNet.Artifacts\results\Deedle.Benchmarks.RealSourceBenchmarks-report.csv
  BenchmarkDotNet.Artifacts\results\Deedle.Benchmarks.RealSourceBenchmarks-report-github.md
  BenchmarkDotNet.Artifacts\results\Deedle.Benchmarks.RealSourceBenchmarks-report.html

// * Detailed results *
RealSourceBenchmarks.VirtualCsv_FilterRowsBy_Step: Job-RXPTLX(IterationCount=5, WarmupCount=2)
Runtime = .NET 10.0.11 (10.0.1126.37416), X64 RyuJIT AVX2; GC = Concurrent Workstation
Mean = 3.368 μs, StdErr = 0.058 μs (1.74%), N = 4, StdDev = 0.117 μs
Min = 3.192 μs, Q1 = 3.364 μs, Median = 3.425 μs, Q3 = 3.428 μs, Max = 3.429 μs
IQR = 0.065 μs, LowerFence = 3.267 μs, UpperFence = 3.525 μs
ConfidenceInterval = [2.612 μs; 4.123 μs] (CI 99.9%), Margin = 0.755 μs (22.43% of Mean)
Skewness = -0.75, Kurtosis = 1.31, MValue = 2
-------------------- Histogram --------------------
[3.096 μs ; 3.328 μs) | @
[3.328 μs ; 3.526 μs) | @@@
---------------------------------------------------

RealSourceBenchmarks.VirtualCsv_Slice1000: Job-RXPTLX(IterationCount=5, WarmupCount=2)
Runtime = .NET 10.0.11 (10.0.1126.37416), X64 RyuJIT AVX2; GC = Concurrent Workstation
Mean = 1.571 μs, StdErr = 0.128 μs (8.16%), N = 5, StdDev = 0.287 μs
Min = 1.298 μs, Q1 = 1.395 μs, Median = 1.481 μs, Q3 = 1.654 μs, Max = 2.027 μs
IQR = 0.259 μs, LowerFence = 1.006 μs, UpperFence = 2.043 μs
ConfidenceInterval = [0.467 μs; 2.675 μs] (CI 99.9%), Margin = 1.104 μs (70.25% of Mean)
Skewness = 0.59, Kurtosis = 1.48, MValue = 2
-------------------- Histogram --------------------
[1.256 μs ; 1.807 μs) | @@@@
[1.807 μs ; 2.247 μs) | @
---------------------------------------------------

RealSourceBenchmarks.VirtualCsv_StatsSum: Job-RXPTLX(IterationCount=5, WarmupCount=2)
Runtime = .NET 10.0.11 (10.0.1126.37416), X64 RyuJIT AVX2; GC = Concurrent Workstation
Mean = 61.155 ms, StdErr = 1.227 ms (2.01%), N = 5, StdDev = 2.744 ms
Min = 57.574 ms, Q1 = 59.387 ms, Median = 61.587 ms, Q3 = 62.644 ms, Max = 64.585 ms
IQR = 3.257 ms, LowerFence = 54.501 ms, UpperFence = 67.530 ms
ConfidenceInterval = [50.589 ms; 71.721 ms] (CI 99.9%), Margin = 10.566 ms (17.28% of Mean)
Skewness = -0.08, Kurtosis = 1.12, MValue = 2
-------------------- Histogram --------------------
[56.374 ms ; 60.980 ms) | @@
[60.980 ms ; 65.192 ms) | @@@
---------------------------------------------------

RealSourceBenchmarks.MaterializedReadCsv_FilterScan: Job-RXPTLX(IterationCount=5, WarmupCount=2)
Runtime = .NET 10.0.11 (10.0.1126.37416), X64 RyuJIT AVX2; GC = Concurrent Workstation
Mean = 5.796 ms, StdErr = 0.311 ms (5.36%), N = 5, StdDev = 0.695 ms
Min = 5.190 ms, Q1 = 5.265 ms, Median = 5.450 ms, Q3 = 6.360 ms, Max = 6.716 ms
IQR = 1.094 ms, LowerFence = 3.624 ms, UpperFence = 8.002 ms
ConfidenceInterval = [3.120 ms; 8.473 ms] (CI 99.9%), Margin = 2.676 ms (46.17% of Mean)
Skewness = 0.32, Kurtosis = 0.9, MValue = 2
-------------------- Histogram --------------------
[4.787 ms ; 6.004 ms) | @@@
[6.004 ms ; 7.249 ms) | @@
---------------------------------------------------

RealSourceBenchmarks.MaterializedReadCsv_StatsSum: Job-RXPTLX(IterationCount=5, WarmupCount=2)
Runtime = .NET 10.0.11 (10.0.1126.37416), X64 RyuJIT AVX2; GC = Concurrent Workstation
Mean = 37.096 ms, StdErr = 0.913 ms (2.46%), N = 4, StdDev = 1.825 ms
Min = 34.808 ms, Q1 = 36.182 ms, Median = 37.240 ms, Q3 = 38.154 ms, Max = 39.095 ms
IQR = 1.972 ms, LowerFence = 33.223 ms, UpperFence = 41.112 ms
ConfidenceInterval = [25.302 ms; 48.889 ms] (CI 99.9%), Margin = 11.793 ms (31.79% of Mean)
Skewness = -0.15, Kurtosis = 0.99, MValue = 2
-------------------- Histogram --------------------
[33.299 ms ; 36.358 ms) | @
[36.358 ms ; 39.376 ms) | @@@
---------------------------------------------------

// * Summary *

BenchmarkDotNet v0.13.12, Windows 10 (10.0.19045.7548/22H2/2022Update)
Intel Core i7-8550U CPU 1.80GHz (Kaby Lake R), 1 CPU, 8 logical and 4 physical cores
.NET SDK 10.0.111
  [Host]     : .NET 10.0.11 (10.0.1126.37416), X64 RyuJIT AVX2 DEBUG
  Job-RXPTLX : .NET 10.0.11 (10.0.1126.37416), X64 RyuJIT AVX2

IterationCount=5  WarmupCount=2  

| Method                         | Mean          | Error          | StdDev        | Ratio     | RatioSD  | Gen0       | Gen1    | Gen2    | Allocated  | Alloc Ratio |
|------------------------------- |--------------:|---------------:|--------------:|----------:|---------:|-----------:|--------:|--------:|-----------:|------------:|
| VirtualCsv_FilterRowsBy_Step   |      3.368 μs |      0.7552 μs |     0.1169 μs |      1.00 |     0.00 |     0.5951 |       - |       - |     2512 B |        1.00 |
| VirtualCsv_Slice1000           |      1.571 μs |      1.1037 μs |     0.2866 μs |      0.49 |     0.08 |     0.2899 |       - |       - |     1216 B |        0.48 |
| VirtualCsv_StatsSum            | 61,155.265 μs | 10,566.0928 μs | 2,743.9807 μs | 17,934.42 | 1,223.38 | 13000.0000 |       - |       - | 54800760 B |   21,815.59 |
| MaterializedReadCsv_FilterScan |  5,796.345 μs |  2,676.2818 μs |   695.0219 μs |  1,758.34 |   179.09 |          - |       - |       - |       89 B |        0.04 |
| MaterializedReadCsv_StatsSum   | 37,095.602 μs | 11,793.4372 μs | 1,825.0475 μs | 11,022.82 |   597.37 |  5800.0000 | 66.6667 | 66.6667 | 26400796 B |   10,509.87 |

// * Hints *
Outliers
  RealSourceBenchmarks.VirtualCsv_FilterRowsBy_Step: IterationCount=5, WarmupCount=2 -> 1 outlier  was  removed, 2 outliers were detected (3.19 μs, 4.06 μs)
  RealSourceBenchmarks.MaterializedReadCsv_StatsSum: IterationCount=5, WarmupCount=2 -> 1 outlier  was  removed (53.86 ms)

// * Legends *
  Mean        : Arithmetic mean of all measurements
  Error       : Half of 99.9% confidence interval
  StdDev      : Standard deviation of all measurements
  Ratio       : Mean of the ratio distribution ([Current]/[Baseline])
  RatioSD     : Standard deviation of the ratio distribution ([Current]/[Baseline])
  Gen0        : GC Generation 0 collects per 1000 operations
  Gen1        : GC Generation 1 collects per 1000 operations
  Gen2        : GC Generation 2 collects per 1000 operations
  Allocated   : Allocated memory per single operation (managed only, inclusive, 1KB = 1024B)
  Alloc Ratio : Allocated memory ratio distribution ([Current]/[Baseline])
  1 μs        : 1 Microsecond (0.000001 sec)

// * Diagnostic Output - MemoryDiagnoser *


// ***** BenchmarkRunner: End *****
Run time: 00:01:08 (68.02 sec), executed benchmarks: 5

Global total time: 00:01:32 (92.64 sec), executed benchmarks: 5
// * Artifacts cleanup *
Artifacts cleanup is finished
