// Validating benchmarks:
// ***** BenchmarkRunner: Start   *****
// ***** Found 5 benchmark(s) in total *****
// ***** Building 1 exe(s) in Parallel: Start   *****
// start dotnet  restore /p:UseSharedCompilation=false /p:BuildInParallel=false /m:1 /p:Deterministic=true /p:Optimize=true in C:\Magisterka\Kod\Deedle\tests\Deedle.Benchmarks\bin\Release\net10.0\ebe5a3c4-08c9-4680-b83e-37e6a737f933
// command took 60.49 sec and exited with 0
// start dotnet  build -c Release --no-restore /p:UseSharedCompilation=false /p:BuildInParallel=false /m:1 /p:Deterministic=true /p:Optimize=true in C:\Magisterka\Kod\Deedle\tests\Deedle.Benchmarks\bin\Release\net10.0\ebe5a3c4-08c9-4680-b83e-37e6a737f933
// command took longer than the timeout: 120s. Killing the process tree!
// start dotnet  build -c Release --no-restore --no-dependencies /p:UseSharedCompilation=false /p:BuildInParallel=false /m:1 /p:Deterministic=true /p:Optimize=true in C:\Magisterka\Kod\Deedle\tests\Deedle.Benchmarks\bin\Release\net10.0\ebe5a3c4-08c9-4680-b83e-37e6a737f933
// command took 35.83 sec and exited with 0
// ***** Done, took 00:03:43 (223.79 sec)   *****
// Found 5 benchmarks:
//   RealSourceBenchmarks.VirtualCsv_FilterRowsBy_Step: Job-IVOGVB(IterationCount=5, WarmupCount=2)
//   RealSourceBenchmarks.VirtualCsv_Slice1000: Job-IVOGVB(IterationCount=5, WarmupCount=2)
//   RealSourceBenchmarks.VirtualCsv_StatsSum: Job-IVOGVB(IterationCount=5, WarmupCount=2)
//   RealSourceBenchmarks.MaterializedReadCsv_FilterScan: Job-IVOGVB(IterationCount=5, WarmupCount=2)
//   RealSourceBenchmarks.MaterializedReadCsv_StatsSum: Job-IVOGVB(IterationCount=5, WarmupCount=2)

Setup power plan (GUID: 8c5e7fda-e8bf-4a96-9a85-a6e23a8c635c FriendlyName: Wysoka wydajność)
// **************************
// Benchmark: RealSourceBenchmarks.VirtualCsv_FilterRowsBy_Step: Job-IVOGVB(IterationCount=5, WarmupCount=2)
// *** Execute ***
// Launch: 1 / 1
// Execute: dotnet ebe5a3c4-08c9-4680-b83e-37e6a737f933.dll --anonymousPipes 8284 6544 --benchmarkName Deedle.Benchmarks.RealSourceBenchmarks.VirtualCsv_FilterRowsBy_Step --job "IterationCount=5, WarmupCount=2" --benchmarkId 0 in C:\Magisterka\Kod\Deedle\tests\Deedle.Benchmarks\bin\Release\net10.0\ebe5a3c4-08c9-4680-b83e-37e6a737f933\bin\Release\net10.0
// BeforeAnythingElse

// Benchmark Process Environment Information:
// BenchmarkDotNet v0.13.12
// Runtime=.NET 10.0.11 (10.0.1126.37416), X64 RyuJIT AVX2
// GC=Concurrent Workstation
// HardwareIntrinsics=AVX2,AES,BMI1,BMI2,FMA,LZCNT,PCLMUL,POPCNT VectorSize=256
// Job: Job-XRDQSW(IterationCount=5, WarmupCount=2)

OverheadJitting  1: 1 op, 975300.00 ns, 975.3000 us/op
WorkloadJitting  1: 1 op, 109851000.00 ns, 109.8510 ms/op

WorkloadPilot    1: 2 op, 285600.00 ns, 142.8000 us/op
WorkloadPilot    2: 3 op, 227000.00 ns, 75.6667 us/op
WorkloadPilot    3: 4 op, 332200.00 ns, 83.0500 us/op
WorkloadPilot    4: 5 op, 830500.00 ns, 166.1000 us/op
WorkloadPilot    5: 6 op, 287700.00 ns, 47.9500 us/op
WorkloadPilot    6: 7 op, 432300.00 ns, 61.7571 us/op
WorkloadPilot    7: 8 op, 1521400.00 ns, 190.1750 us/op
WorkloadPilot    8: 9 op, 509000.00 ns, 56.5556 us/op
WorkloadPilot    9: 10 op, 314100.00 ns, 31.4100 us/op
WorkloadPilot   10: 11 op, 339400.00 ns, 30.8545 us/op
WorkloadPilot   11: 12 op, 297000.00 ns, 24.7500 us/op
WorkloadPilot   12: 13 op, 346700.00 ns, 26.6692 us/op
WorkloadPilot   13: 14 op, 1350900.00 ns, 96.4929 us/op
WorkloadPilot   14: 15 op, 367400.00 ns, 24.4933 us/op
WorkloadPilot   15: 16 op, 474900.00 ns, 29.6812 us/op
WorkloadPilot   16: 32 op, 2141100.00 ns, 66.9094 us/op
WorkloadPilot   17: 64 op, 1154500.00 ns, 18.0391 us/op
WorkloadPilot   18: 128 op, 5921800.00 ns, 46.2641 us/op
WorkloadPilot   19: 256 op, 8470600.00 ns, 33.0883 us/op
WorkloadPilot   20: 512 op, 13439300.00 ns, 26.2486 us/op
WorkloadPilot   21: 1024 op, 24425300.00 ns, 23.8528 us/op
WorkloadPilot   22: 2048 op, 41028000.00 ns, 20.0332 us/op
WorkloadPilot   23: 4096 op, 109320300.00 ns, 26.6895 us/op
WorkloadPilot   24: 8192 op, 157795200.00 ns, 19.2621 us/op
WorkloadPilot   25: 16384 op, 253889200.00 ns, 15.4962 us/op
WorkloadPilot   26: 32768 op, 250821800.00 ns, 7.6545 us/op
WorkloadPilot   27: 65536 op, 474334600.00 ns, 7.2378 us/op
WorkloadPilot   28: 131072 op, 920050600.00 ns, 7.0194 us/op

WorkloadWarmup   1: 131072 op, 1112044000.00 ns, 8.4842 us/op
WorkloadWarmup   2: 131072 op, 1068139700.00 ns, 8.1493 us/op

// BeforeActualRun
WorkloadActual   1: 131072 op, 869863900.00 ns, 6.6365 us/op
WorkloadActual   2: 131072 op, 764486300.00 ns, 5.8326 us/op
WorkloadActual   3: 131072 op, 888031800.00 ns, 6.7751 us/op
WorkloadActual   4: 131072 op, 808012000.00 ns, 6.1646 us/op
WorkloadActual   5: 131072 op, 687387000.00 ns, 5.2443 us/op

// AfterActualRun
WorkloadResult   1: 131072 op, 869863900.00 ns, 6.6365 us/op
WorkloadResult   2: 131072 op, 764486300.00 ns, 5.8326 us/op
WorkloadResult   3: 131072 op, 888031800.00 ns, 6.7751 us/op
WorkloadResult   4: 131072 op, 808012000.00 ns, 6.1646 us/op
WorkloadResult   5: 131072 op, 687387000.00 ns, 5.2443 us/op
// GC:  104 0 0 438371528 131072
// Threading:  0 0 131072

// AfterAll
// Benchmark Process 23020 has exited with code 0.

Mean = 6.131 μs, StdErr = 0.278 μs (4.54%), N = 5, StdDev = 0.622 μs
Min = 5.244 μs, Q1 = 5.833 μs, Median = 6.165 μs, Q3 = 6.637 μs, Max = 6.775 μs
IQR = 0.804 μs, LowerFence = 4.627 μs, UpperFence = 7.842 μs
ConfidenceInterval = [3.736 μs; 8.525 μs] (CI 99.9%), Margin = 2.395 μs (39.06% of Mean)
Skewness = -0.27, Kurtosis = 1.15, MValue = 2

// ** Remained 4 (80,0%) benchmark(s) to run. Estimated finish 2026-08-18 11:15 (0h 1m from now) **
Setup power plan (GUID: 8c5e7fda-e8bf-4a96-9a85-a6e23a8c635c FriendlyName: Wysoka wydajność)
// **************************
// Benchmark: RealSourceBenchmarks.VirtualCsv_Slice1000: Job-IVOGVB(IterationCount=5, WarmupCount=2)
// *** Execute ***
// Launch: 1 / 1
// Execute: dotnet ebe5a3c4-08c9-4680-b83e-37e6a737f933.dll --anonymousPipes 1756 4404 --benchmarkName Deedle.Benchmarks.RealSourceBenchmarks.VirtualCsv_Slice1000 --job "IterationCount=5, WarmupCount=2" --benchmarkId 1 in C:\Magisterka\Kod\Deedle\tests\Deedle.Benchmarks\bin\Release\net10.0\ebe5a3c4-08c9-4680-b83e-37e6a737f933\bin\Release\net10.0
// BeforeAnythingElse

// Benchmark Process Environment Information:
// BenchmarkDotNet v0.13.12
// Runtime=.NET 10.0.11 (10.0.1126.37416), X64 RyuJIT AVX2
// GC=Concurrent Workstation
// HardwareIntrinsics=AVX2,AES,BMI1,BMI2,FMA,LZCNT,PCLMUL,POPCNT VectorSize=256
// Job: Job-PPMAFI(IterationCount=5, WarmupCount=2)

OverheadJitting  1: 1 op, 482000.00 ns, 482.0000 us/op
WorkloadJitting  1: 1 op, 38766000.00 ns, 38.7660 ms/op

WorkloadPilot    1: 2 op, 87400.00 ns, 43.7000 us/op
WorkloadPilot    2: 3 op, 109300.00 ns, 36.4333 us/op
WorkloadPilot    3: 4 op, 435700.00 ns, 108.9250 us/op
WorkloadPilot    4: 5 op, 434700.00 ns, 86.9400 us/op
WorkloadPilot    5: 6 op, 302700.00 ns, 50.4500 us/op
WorkloadPilot    6: 7 op, 129500.00 ns, 18.5000 us/op
WorkloadPilot    7: 8 op, 136900.00 ns, 17.1125 us/op
WorkloadPilot    8: 9 op, 396800.00 ns, 44.0889 us/op
WorkloadPilot    9: 10 op, 77900.00 ns, 7.7900 us/op
WorkloadPilot   10: 11 op, 193500.00 ns, 17.5909 us/op
WorkloadPilot   11: 12 op, 88800.00 ns, 7.4000 us/op
WorkloadPilot   12: 13 op, 557200.00 ns, 42.8615 us/op
WorkloadPilot   13: 14 op, 181300.00 ns, 12.9500 us/op
WorkloadPilot   14: 15 op, 172000.00 ns, 11.4667 us/op
WorkloadPilot   15: 16 op, 185000.00 ns, 11.5625 us/op
WorkloadPilot   16: 32 op, 857000.00 ns, 26.7812 us/op
WorkloadPilot   17: 64 op, 256600.00 ns, 4.0094 us/op
WorkloadPilot   18: 128 op, 1524200.00 ns, 11.9078 us/op
WorkloadPilot   19: 256 op, 1418400.00 ns, 5.5406 us/op
WorkloadPilot   20: 512 op, 5444500.00 ns, 10.6338 us/op
WorkloadPilot   21: 1024 op, 6542200.00 ns, 6.3889 us/op
WorkloadPilot   22: 2048 op, 17197900.00 ns, 8.3974 us/op
WorkloadPilot   23: 4096 op, 34369400.00 ns, 8.3910 us/op
WorkloadPilot   24: 8192 op, 69846300.00 ns, 8.5262 us/op
WorkloadPilot   25: 16384 op, 143300800.00 ns, 8.7464 us/op
WorkloadPilot   26: 32768 op, 181583600.00 ns, 5.5415 us/op
WorkloadPilot   27: 65536 op, 199951200.00 ns, 3.0510 us/op
WorkloadPilot   28: 131072 op, 408798900.00 ns, 3.1189 us/op
WorkloadPilot   29: 262144 op, 715206100.00 ns, 2.7283 us/op

WorkloadWarmup   1: 262144 op, 672358700.00 ns, 2.5648 us/op
WorkloadWarmup   2: 262144 op, 907842000.00 ns, 3.4631 us/op

// BeforeActualRun
WorkloadActual   1: 262144 op, 690191700.00 ns, 2.6329 us/op
WorkloadActual   2: 262144 op, 582031900.00 ns, 2.2203 us/op
WorkloadActual   3: 262144 op, 618405000.00 ns, 2.3590 us/op
WorkloadActual   4: 262144 op, 484547600.00 ns, 1.8484 us/op
WorkloadActual   5: 262144 op, 533242900.00 ns, 2.0342 us/op

// AfterActualRun
WorkloadResult   1: 262144 op, 690191700.00 ns, 2.6329 us/op
WorkloadResult   2: 262144 op, 582031900.00 ns, 2.2203 us/op
WorkloadResult   3: 262144 op, 618405000.00 ns, 2.3590 us/op
WorkloadResult   4: 262144 op, 484547600.00 ns, 1.8484 us/op
WorkloadResult   5: 262144 op, 533242900.00 ns, 2.0342 us/op
// GC:  108 0 0 453007568 262144
// Threading:  0 0 262144

// AfterAll
// Benchmark Process 14156 has exited with code 0.

Mean = 2.219 μs, StdErr = 0.135 μs (6.07%), N = 5, StdDev = 0.301 μs
Min = 1.848 μs, Q1 = 2.034 μs, Median = 2.220 μs, Q3 = 2.359 μs, Max = 2.633 μs
IQR = 0.325 μs, LowerFence = 1.547 μs, UpperFence = 2.846 μs
ConfidenceInterval = [1.060 μs; 3.378 μs] (CI 99.9%), Margin = 1.159 μs (52.23% of Mean)
Skewness = 0.12, Kurtosis = 1.21, MValue = 2

// ** Remained 3 (60,0%) benchmark(s) to run. Estimated finish 2026-08-18 11:15 (0h 0m from now) **
Setup power plan (GUID: 8c5e7fda-e8bf-4a96-9a85-a6e23a8c635c FriendlyName: Wysoka wydajność)
// **************************
// Benchmark: RealSourceBenchmarks.VirtualCsv_StatsSum: Job-IVOGVB(IterationCount=5, WarmupCount=2)
// *** Execute ***
// Launch: 1 / 1
// Execute: dotnet ebe5a3c4-08c9-4680-b83e-37e6a737f933.dll --anonymousPipes 4144 9000 --benchmarkName Deedle.Benchmarks.RealSourceBenchmarks.VirtualCsv_StatsSum --job "IterationCount=5, WarmupCount=2" --benchmarkId 2 in C:\Magisterka\Kod\Deedle\tests\Deedle.Benchmarks\bin\Release\net10.0\ebe5a3c4-08c9-4680-b83e-37e6a737f933\bin\Release\net10.0
// BeforeAnythingElse

// Benchmark Process Environment Information:
// BenchmarkDotNet v0.13.12
// Runtime=.NET 10.0.11 (10.0.1126.37416), X64 RyuJIT AVX2
// GC=Concurrent Workstation
// HardwareIntrinsics=AVX2,AES,BMI1,BMI2,FMA,LZCNT,PCLMUL,POPCNT VectorSize=256
// Job: Job-PSXZBV(IterationCount=5, WarmupCount=2)

OverheadJitting  1: 1 op, 489300.00 ns, 489.3000 us/op
WorkloadJitting  1: 1 op, 149405600.00 ns, 149.4056 ms/op

WorkloadPilot    1: 2 op, 231792800.00 ns, 115.8964 ms/op
WorkloadPilot    2: 3 op, 302779900.00 ns, 100.9266 ms/op
WorkloadPilot    3: 4 op, 368744000.00 ns, 92.1860 ms/op
WorkloadPilot    4: 5 op, 421552600.00 ns, 84.3105 ms/op
WorkloadPilot    5: 6 op, 501496000.00 ns, 83.5827 ms/op

WorkloadWarmup   1: 6 op, 437538500.00 ns, 72.9231 ms/op
WorkloadWarmup   2: 6 op, 365203000.00 ns, 60.8672 ms/op

// BeforeActualRun
WorkloadActual   1: 6 op, 562071700.00 ns, 93.6786 ms/op
WorkloadActual   2: 6 op, 503729400.00 ns, 83.9549 ms/op
WorkloadActual   3: 6 op, 496860700.00 ns, 82.8101 ms/op
WorkloadActual   4: 6 op, 440511400.00 ns, 73.4186 ms/op
WorkloadActual   5: 6 op, 371120800.00 ns, 61.8535 ms/op

// AfterActualRun
WorkloadResult   1: 6 op, 562071700.00 ns, 93.6786 ms/op
WorkloadResult   2: 6 op, 503729400.00 ns, 83.9549 ms/op
WorkloadResult   3: 6 op, 496860700.00 ns, 82.8101 ms/op
WorkloadResult   4: 6 op, 440511400.00 ns, 73.4186 ms/op
WorkloadResult   5: 6 op, 371120800.00 ns, 61.8535 ms/op
// GC:  78 0 0 328804576 6
// Threading:  0 0 6

// AfterAll
// Benchmark Process 8932 has exited with code 0.

Mean = 79.143 ms, StdErr = 5.383 ms (6.80%), N = 5, StdDev = 12.037 ms
Min = 61.853 ms, Q1 = 73.419 ms, Median = 82.810 ms, Q3 = 83.955 ms, Max = 93.679 ms
IQR = 10.536 ms, LowerFence = 57.614 ms, UpperFence = 99.759 ms
ConfidenceInterval = [32.792 ms; 125.494 ms] (CI 99.9%), Margin = 46.351 ms (58.57% of Mean)
Skewness = -0.24, Kurtosis = 1.29, MValue = 2

// ** Remained 2 (40,0%) benchmark(s) to run. Estimated finish 2026-08-18 11:15 (0h 0m from now) **
Setup power plan (GUID: 8c5e7fda-e8bf-4a96-9a85-a6e23a8c635c FriendlyName: Wysoka wydajność)
// **************************
// Benchmark: RealSourceBenchmarks.MaterializedReadCsv_FilterScan: Job-IVOGVB(IterationCount=5, WarmupCount=2)
// *** Execute ***
// Launch: 1 / 1
// Execute: dotnet ebe5a3c4-08c9-4680-b83e-37e6a737f933.dll --anonymousPipes 4080 1044 --benchmarkName Deedle.Benchmarks.RealSourceBenchmarks.MaterializedReadCsv_FilterScan --job "IterationCount=5, WarmupCount=2" --benchmarkId 3 in C:\Magisterka\Kod\Deedle\tests\Deedle.Benchmarks\bin\Release\net10.0\ebe5a3c4-08c9-4680-b83e-37e6a737f933\bin\Release\net10.0
// BeforeAnythingElse

// Benchmark Process Environment Information:
// BenchmarkDotNet v0.13.12
// Runtime=.NET 10.0.11 (10.0.1126.37416), X64 RyuJIT AVX2
// GC=Concurrent Workstation
// HardwareIntrinsics=AVX2,AES,BMI1,BMI2,FMA,LZCNT,PCLMUL,POPCNT VectorSize=256
// Job: Job-RZWODT(IterationCount=5, WarmupCount=2)

OverheadJitting  1: 1 op, 620800.00 ns, 620.8000 us/op
WorkloadJitting  1: 1 op, 82308900.00 ns, 82.3089 ms/op

WorkloadPilot    1: 2 op, 41437300.00 ns, 20.7187 ms/op
WorkloadPilot    2: 3 op, 64361300.00 ns, 21.4538 ms/op
WorkloadPilot    3: 4 op, 100004900.00 ns, 25.0012 ms/op
WorkloadPilot    4: 5 op, 32611600.00 ns, 6.5223 ms/op
WorkloadPilot    5: 6 op, 47973900.00 ns, 7.9957 ms/op
WorkloadPilot    6: 7 op, 66532200.00 ns, 9.5046 ms/op
WorkloadPilot    7: 8 op, 82039300.00 ns, 10.2549 ms/op
WorkloadPilot    8: 9 op, 65349100.00 ns, 7.2610 ms/op
WorkloadPilot    9: 10 op, 82148800.00 ns, 8.2149 ms/op
WorkloadPilot   10: 11 op, 81847300.00 ns, 7.4407 ms/op
WorkloadPilot   11: 12 op, 60889200.00 ns, 5.0741 ms/op
WorkloadPilot   12: 13 op, 72844500.00 ns, 5.6034 ms/op
WorkloadPilot   13: 14 op, 66040600.00 ns, 4.7172 ms/op
WorkloadPilot   14: 15 op, 74667500.00 ns, 4.9778 ms/op
WorkloadPilot   15: 16 op, 90756500.00 ns, 5.6723 ms/op
WorkloadPilot   16: 32 op, 233207500.00 ns, 7.2877 ms/op
WorkloadPilot   17: 64 op, 482191700.00 ns, 7.5342 ms/op
WorkloadPilot   18: 128 op, 883162400.00 ns, 6.8997 ms/op

WorkloadWarmup   1: 128 op, 750296200.00 ns, 5.8617 ms/op
WorkloadWarmup   2: 128 op, 632140900.00 ns, 4.9386 ms/op

// BeforeActualRun
WorkloadActual   1: 128 op, 407851100.00 ns, 3.1863 ms/op
WorkloadActual   2: 128 op, 914839500.00 ns, 7.1472 ms/op
WorkloadActual   3: 128 op, 730346800.00 ns, 5.7058 ms/op
WorkloadActual   4: 128 op, 710744400.00 ns, 5.5527 ms/op
WorkloadActual   5: 128 op, 874685400.00 ns, 6.8335 ms/op

// AfterActualRun
WorkloadResult   1: 128 op, 407851100.00 ns, 3.1863 ms/op
WorkloadResult   2: 128 op, 914839500.00 ns, 7.1472 ms/op
WorkloadResult   3: 128 op, 730346800.00 ns, 5.7058 ms/op
WorkloadResult   4: 128 op, 710744400.00 ns, 5.5527 ms/op
WorkloadResult   5: 128 op, 874685400.00 ns, 6.8335 ms/op
// GC:  0 0 0 11328 128
// Threading:  0 0 128

// AfterAll
// Benchmark Process 9572 has exited with code 0.

Mean = 5.685 ms, StdErr = 0.697 ms (12.26%), N = 5, StdDev = 1.559 ms
Min = 3.186 ms, Q1 = 5.553 ms, Median = 5.706 ms, Q3 = 6.833 ms, Max = 7.147 ms
IQR = 1.281 ms, LowerFence = 3.632 ms, UpperFence = 8.755 ms
ConfidenceInterval = [-0.317 ms; 11.687 ms] (CI 99.9%), Margin = 6.002 ms (105.57% of Mean)
Skewness = -0.58, Kurtosis = 1.53, MValue = 2

// ** Remained 1 (20,0%) benchmark(s) to run. Estimated finish 2026-08-18 11:15 (0h 0m from now) **
Setup power plan (GUID: 8c5e7fda-e8bf-4a96-9a85-a6e23a8c635c FriendlyName: Wysoka wydajność)
// **************************
// Benchmark: RealSourceBenchmarks.MaterializedReadCsv_StatsSum: Job-IVOGVB(IterationCount=5, WarmupCount=2)
// *** Execute ***
// Launch: 1 / 1
// Execute: dotnet ebe5a3c4-08c9-4680-b83e-37e6a737f933.dll --anonymousPipes 9616 10120 --benchmarkName Deedle.Benchmarks.RealSourceBenchmarks.MaterializedReadCsv_StatsSum --job "IterationCount=5, WarmupCount=2" --benchmarkId 4 in C:\Magisterka\Kod\Deedle\tests\Deedle.Benchmarks\bin\Release\net10.0\ebe5a3c4-08c9-4680-b83e-37e6a737f933\bin\Release\net10.0
// BeforeAnythingElse

// Benchmark Process Environment Information:
// BenchmarkDotNet v0.13.12
// Runtime=.NET 10.0.11 (10.0.1126.37416), X64 RyuJIT AVX2
// GC=Concurrent Workstation
// HardwareIntrinsics=AVX2,AES,BMI1,BMI2,FMA,LZCNT,PCLMUL,POPCNT VectorSize=256
// Job: Job-HWQXKM(IterationCount=5, WarmupCount=2)

OverheadJitting  1: 1 op, 2271500.00 ns, 2.2715 ms/op
WorkloadJitting  1: 1 op, 138984600.00 ns, 138.9846 ms/op

WorkloadPilot    1: 2 op, 130152900.00 ns, 65.0764 ms/op
WorkloadPilot    2: 3 op, 194912900.00 ns, 64.9710 ms/op
WorkloadPilot    3: 4 op, 191050900.00 ns, 47.7627 ms/op
WorkloadPilot    4: 5 op, 160926200.00 ns, 32.1852 ms/op
WorkloadPilot    5: 6 op, 187567800.00 ns, 31.2613 ms/op
WorkloadPilot    6: 7 op, 230987000.00 ns, 32.9981 ms/op
WorkloadPilot    7: 8 op, 364933800.00 ns, 45.6167 ms/op
WorkloadPilot    8: 9 op, 361230700.00 ns, 40.1367 ms/op
WorkloadPilot    9: 10 op, 288746800.00 ns, 28.8747 ms/op
WorkloadPilot   10: 11 op, 348328700.00 ns, 31.6662 ms/op
WorkloadPilot   11: 12 op, 487586800.00 ns, 40.6322 ms/op
WorkloadPilot   12: 13 op, 432318600.00 ns, 33.2553 ms/op
WorkloadPilot   13: 14 op, 482035500.00 ns, 34.4311 ms/op
WorkloadPilot   14: 15 op, 634134400.00 ns, 42.2756 ms/op

WorkloadWarmup   1: 15 op, 673631900.00 ns, 44.9088 ms/op
WorkloadWarmup   2: 15 op, 600498900.00 ns, 40.0333 ms/op

// BeforeActualRun
WorkloadActual   1: 15 op, 661316500.00 ns, 44.0878 ms/op
WorkloadActual   2: 15 op, 712725200.00 ns, 47.5150 ms/op
WorkloadActual   3: 15 op, 658021300.00 ns, 43.8681 ms/op
WorkloadActual   4: 15 op, 626958800.00 ns, 41.7973 ms/op
WorkloadActual   5: 15 op, 621716600.00 ns, 41.4478 ms/op

// AfterActualRun
WorkloadResult   1: 15 op, 661316500.00 ns, 44.0878 ms/op
WorkloadResult   2: 15 op, 712725200.00 ns, 47.5150 ms/op
WorkloadResult   3: 15 op, 658021300.00 ns, 43.8681 ms/op
WorkloadResult   4: 15 op, 626958800.00 ns, 41.7973 ms/op
WorkloadResult   5: 15 op, 621716600.00 ns, 41.4478 ms/op
// GC:  87 1 1 396011936 15
// Threading:  0 0 15

// AfterAll
// Benchmark Process 23720 has exited with code 0.

Mean = 43.743 ms, StdErr = 1.082 ms (2.47%), N = 5, StdDev = 2.420 ms
Min = 41.448 ms, Q1 = 41.797 ms, Median = 43.868 ms, Q3 = 44.088 ms, Max = 47.515 ms
IQR = 2.291 ms, LowerFence = 38.361 ms, UpperFence = 47.524 ms
ConfidenceInterval = [34.426 ms; 53.060 ms] (CI 99.9%), Margin = 9.317 ms (21.30% of Mean)
Skewness = 0.48, Kurtosis = 1.43, MValue = 2

// ** Remained 0 (0,0%) benchmark(s) to run. Estimated finish 2026-08-18 11:15 (0h 0m from now) **
Successfully reverted power plan (GUID: 8c5e7fda-e8bf-4a96-9a85-a6e23a8c635c FriendlyName: Wysoka wydajność)
// ***** BenchmarkRunner: Finish  *****

// * Export *
  BenchmarkDotNet.Artifacts\results\Deedle.Benchmarks.RealSourceBenchmarks-report.csv
  BenchmarkDotNet.Artifacts\results\Deedle.Benchmarks.RealSourceBenchmarks-report-github.md
  BenchmarkDotNet.Artifacts\results\Deedle.Benchmarks.RealSourceBenchmarks-report.html

// * Detailed results *
RealSourceBenchmarks.VirtualCsv_FilterRowsBy_Step: Job-IVOGVB(IterationCount=5, WarmupCount=2)
Runtime = .NET 10.0.11 (10.0.1126.37416), X64 RyuJIT AVX2; GC = Concurrent Workstation
Mean = 6.131 μs, StdErr = 0.278 μs (4.54%), N = 5, StdDev = 0.622 μs
Min = 5.244 μs, Q1 = 5.833 μs, Median = 6.165 μs, Q3 = 6.637 μs, Max = 6.775 μs
IQR = 0.804 μs, LowerFence = 4.627 μs, UpperFence = 7.842 μs
ConfidenceInterval = [3.736 μs; 8.525 μs] (CI 99.9%), Margin = 2.395 μs (39.06% of Mean)
Skewness = -0.27, Kurtosis = 1.15, MValue = 2
-------------------- Histogram --------------------
[4.767 μs ; 5.827 μs) | @
[5.827 μs ; 6.781 μs) | @@@@
---------------------------------------------------

RealSourceBenchmarks.VirtualCsv_Slice1000: Job-IVOGVB(IterationCount=5, WarmupCount=2)
Runtime = .NET 10.0.11 (10.0.1126.37416), X64 RyuJIT AVX2; GC = Concurrent Workstation
Mean = 2.219 μs, StdErr = 0.135 μs (6.07%), N = 5, StdDev = 0.301 μs
Min = 1.848 μs, Q1 = 2.034 μs, Median = 2.220 μs, Q3 = 2.359 μs, Max = 2.633 μs
IQR = 0.325 μs, LowerFence = 1.547 μs, UpperFence = 2.846 μs
ConfidenceInterval = [1.060 μs; 3.378 μs] (CI 99.9%), Margin = 1.159 μs (52.23% of Mean)
Skewness = 0.12, Kurtosis = 1.21, MValue = 2
-------------------- Histogram --------------------
[1.617 μs ; 1.966 μs) | @
[1.966 μs ; 2.428 μs) | @@@
[2.428 μs ; 2.864 μs) | @
---------------------------------------------------

RealSourceBenchmarks.VirtualCsv_StatsSum: Job-IVOGVB(IterationCount=5, WarmupCount=2)
Runtime = .NET 10.0.11 (10.0.1126.37416), X64 RyuJIT AVX2; GC = Concurrent Workstation
Mean = 79.143 ms, StdErr = 5.383 ms (6.80%), N = 5, StdDev = 12.037 ms
Min = 61.853 ms, Q1 = 73.419 ms, Median = 82.810 ms, Q3 = 83.955 ms, Max = 93.679 ms
IQR = 10.536 ms, LowerFence = 57.614 ms, UpperFence = 99.759 ms
ConfidenceInterval = [32.792 ms; 125.494 ms] (CI 99.9%), Margin = 46.351 ms (58.57% of Mean)
Skewness = -0.24, Kurtosis = 1.29, MValue = 2
-------------------- Histogram --------------------
[52.614 ms ;  69.447 ms) | @
[69.447 ms ;  87.926 ms) | @@@
[87.926 ms ; 102.918 ms) | @
---------------------------------------------------

RealSourceBenchmarks.MaterializedReadCsv_FilterScan: Job-IVOGVB(IterationCount=5, WarmupCount=2)
Runtime = .NET 10.0.11 (10.0.1126.37416), X64 RyuJIT AVX2; GC = Concurrent Workstation
Mean = 5.685 ms, StdErr = 0.697 ms (12.26%), N = 5, StdDev = 1.559 ms
Min = 3.186 ms, Q1 = 5.553 ms, Median = 5.706 ms, Q3 = 6.833 ms, Max = 7.147 ms
IQR = 1.281 ms, LowerFence = 3.632 ms, UpperFence = 8.755 ms
ConfidenceInterval = [-0.317 ms; 11.687 ms] (CI 99.9%), Margin = 6.002 ms (105.57% of Mean)
Skewness = -0.58, Kurtosis = 1.53, MValue = 2
-------------------- Histogram --------------------
[1.990 ms ; 4.383 ms) | @
[4.383 ms ; 7.546 ms) | @@@@
---------------------------------------------------

RealSourceBenchmarks.MaterializedReadCsv_StatsSum: Job-IVOGVB(IterationCount=5, WarmupCount=2)
Runtime = .NET 10.0.11 (10.0.1126.37416), X64 RyuJIT AVX2; GC = Concurrent Workstation
Mean = 43.743 ms, StdErr = 1.082 ms (2.47%), N = 5, StdDev = 2.420 ms
Min = 41.448 ms, Q1 = 41.797 ms, Median = 43.868 ms, Q3 = 44.088 ms, Max = 47.515 ms
IQR = 2.291 ms, LowerFence = 38.361 ms, UpperFence = 47.524 ms
ConfidenceInterval = [34.426 ms; 53.060 ms] (CI 99.9%), Margin = 9.317 ms (21.30% of Mean)
Skewness = 0.48, Kurtosis = 1.43, MValue = 2
-------------------- Histogram --------------------
[40.911 ms ; 44.625 ms) | @@@@
[44.625 ms ; 49.372 ms) | @
---------------------------------------------------

// * Summary *

BenchmarkDotNet v0.13.12, Windows 10 (10.0.19045.7663/22H2/2022Update)
Intel Core i7-8550U CPU 1.80GHz (Kaby Lake R), 1 CPU, 8 logical and 4 physical cores
.NET SDK 10.0.111
  [Host]     : .NET 10.0.11 (10.0.1126.37416), X64 RyuJIT AVX2 DEBUG
  Job-IVOGVB : .NET 10.0.11 (10.0.1126.37416), X64 RyuJIT AVX2

IterationCount=5  WarmupCount=2  

| Method                         | Mean          | Error         | StdDev         | Ratio     | RatioSD  | Gen0       | Gen1    | Gen2    | Allocated  | Alloc Ratio |
|------------------------------- |--------------:|--------------:|---------------:|----------:|---------:|-----------:|--------:|--------:|-----------:|------------:|
| VirtualCsv_FilterRowsBy_Step   |      6.131 μs |      2.395 μs |      0.6219 μs |      1.00 |     0.00 |     0.7935 |       - |       - |     3345 B |        1.00 |
| VirtualCsv_Slice1000           |      2.219 μs |      1.159 μs |      0.3010 μs |      0.36 |     0.04 |     0.4120 |       - |       - |     1728 B |        0.52 |
| VirtualCsv_StatsSum            | 79,143.133 μs | 46,351.237 μs | 12,037.2690 μs | 12,887.26 | 1,262.10 | 13000.0000 |       - |       - | 54800763 B |   16,382.89 |
| MaterializedReadCsv_FilterScan |  5,685.105 μs |  6,002.018 μs |  1,558.7049 μs |    950.29 |   329.89 |          - |       - |       - |       88 B |        0.03 |
| MaterializedReadCsv_StatsSum   | 43,743.179 μs |  9,316.766 μs |  2,419.5346 μs |  7,189.61 |   774.94 |  5800.0000 | 66.6667 | 66.6667 | 26400796 B |    7,892.61 |

// * Hints *
Outliers
  RealSourceBenchmarks.MaterializedReadCsv_FilterScan: IterationCount=5, WarmupCount=2 -> 1 outlier  was  detected (3.19 ms)

// * Legends *
  Mean        : Arithmetic mean of all measurements
  Error       : Half of 99.9% confidence interval
  StdDev      : Standard deviation of all measurements
  Ratio       : Mean of the ratio distribution ([Current]/[Baseline])
  RatioSD     : Standard deviation of the ratio distribution ([Current]/[Baseline])
  Gen0        : GC Generation 0 collects per 1000 operations
  Gen1        : GC Generation 1 collects per 1000 operations
  Gen2        : GC Generation 2 collects per 1000 operations
  Allocated   : Allocated memory per single operation (managed only, inclusive, 1KB = 1024B)
  Alloc Ratio : Allocated memory ratio distribution ([Current]/[Baseline])
  1 μs        : 1 Microsecond (0.000001 sec)

// * Diagnostic Output - MemoryDiagnoser *


// ***** BenchmarkRunner: End *****
Run time: 00:01:16 (76.09 sec), executed benchmarks: 5

Global total time: 00:05:01 (301.24 sec), executed benchmarks: 5
// * Artifacts cleanup *
Artifacts cleanup is finished
