// Validating benchmarks:
// ***** BenchmarkRunner: Start   *****
// ***** Found 1 benchmark(s) in total *****
// ***** Building 1 exe(s) in Parallel: Start   *****
// start dotnet  restore /p:UseSharedCompilation=false /p:BuildInParallel=false /m:1 /p:Deterministic=true /p:Optimize=true in C:\Magisterka\Kod\Deedle\tests\Deedle.Benchmarks\bin\Release\net10.0\36b7366e-443d-401c-a25b-52c3f82414fd
// command took 26.22 sec and exited with 0
// start dotnet  build -c Release --no-restore /p:UseSharedCompilation=false /p:BuildInParallel=false /m:1 /p:Deterministic=true /p:Optimize=true in C:\Magisterka\Kod\Deedle\tests\Deedle.Benchmarks\bin\Release\net10.0\36b7366e-443d-401c-a25b-52c3f82414fd
// command took 23.71 sec and exited with 0
// ***** Done, took 00:00:58 (58.11 sec)   *****
// Found 1 benchmarks:
//   VirtualBenchmarks.FilterRowsBy_OrdinalLinear: Job-VGSYVB(IterationCount=3, WarmupCount=1)

Setup power plan (GUID: 8c5e7fda-e8bf-4a96-9a85-a6e23a8c635c FriendlyName: Wysoka wydajność)
// **************************
// Benchmark: VirtualBenchmarks.FilterRowsBy_OrdinalLinear: Job-VGSYVB(IterationCount=3, WarmupCount=1)
// *** Execute ***
// Launch: 1 / 1
// Execute: dotnet 36b7366e-443d-401c-a25b-52c3f82414fd.dll --anonymousPipes 7028 7016 --benchmarkName Deedle.Benchmarks.VirtualBenchmarks.FilterRowsBy_OrdinalLinear --job "IterationCount=3, WarmupCount=1" --benchmarkId 0 in C:\Magisterka\Kod\Deedle\tests\Deedle.Benchmarks\bin\Release\net10.0\36b7366e-443d-401c-a25b-52c3f82414fd\bin\Release\net10.0
// BeforeAnythingElse

// Benchmark Process Environment Information:
// BenchmarkDotNet v0.13.12
// Runtime=.NET 10.0.11 (10.0.1126.37416), X64 RyuJIT AVX2
// GC=Concurrent Workstation
// HardwareIntrinsics=AVX2,AES,BMI1,BMI2,FMA,LZCNT,PCLMUL,POPCNT VectorSize=256
// Job: Job-WNLTSO(IterationCount=3, WarmupCount=1)

OverheadJitting  1: 1 op, 2091800.00 ns, 2.0918 ms/op
WorkloadJitting  1: 1 op, 70625275400.00 ns, 70.6253 s/op

WorkloadWarmup   1: 1 op, 42983996100.00 ns, 42.9840 s/op

// BeforeActualRun
WorkloadActual   1: 1 op, 36596308600.00 ns, 36.5963 s/op
WorkloadActual   2: 1 op, 53590373700.00 ns, 53.5904 s/op
WorkloadActual   3: 1 op, 51335738800.00 ns, 51.3357 s/op

// AfterActualRun
WorkloadResult   1: 1 op, 36596308600.00 ns, 36.5963 s/op
WorkloadResult   2: 1 op, 53590373700.00 ns, 53.5904 s/op
WorkloadResult   3: 1 op, 51335738800.00 ns, 51.3357 s/op
// GC:  1578 1184 1179 36270799192 1
// Threading:  0 0 1

// AfterAll
// Benchmark Process 10492 has exited with code 0.

Mean = 47.174 s, StdErr = 5.329 s (11.30%), N = 3, StdDev = 9.230 s
Min = 36.596 s, Q1 = 43.966 s, Median = 51.336 s, Q3 = 52.463 s, Max = 53.590 s
IQR = 8.497 s, LowerFence = 31.220 s, UpperFence = 65.209 s
ConfidenceInterval = [-121.211 s; 215.560 s] (CI 99.9%), Margin = 168.385 s (356.94% of Mean)
Skewness = -0.36, Kurtosis = 0.67, MValue = 2

// ** Remained 0 (0,0%) benchmark(s) to run. Estimated finish 2026-08-17 11:44 (0h 0m from now) **
Successfully reverted power plan (GUID: 8c5e7fda-e8bf-4a96-9a85-a6e23a8c635c FriendlyName: Wysoka wydajność)
// ***** BenchmarkRunner: Finish  *****

// * Export *
  BenchmarkDotNet.Artifacts\results\Deedle.Benchmarks.VirtualBenchmarks-report.csv
  BenchmarkDotNet.Artifacts\results\Deedle.Benchmarks.VirtualBenchmarks-report-github.md
  BenchmarkDotNet.Artifacts\results\Deedle.Benchmarks.VirtualBenchmarks-report.html

// * Detailed results *
VirtualBenchmarks.FilterRowsBy_OrdinalLinear: Job-VGSYVB(IterationCount=3, WarmupCount=1)
Runtime = .NET 10.0.11 (10.0.1126.37416), X64 RyuJIT AVX2; GC = Concurrent Workstation
Mean = 47.174 s, StdErr = 5.329 s (11.30%), N = 3, StdDev = 9.230 s
Min = 36.596 s, Q1 = 43.966 s, Median = 51.336 s, Q3 = 52.463 s, Max = 53.590 s
IQR = 8.497 s, LowerFence = 31.220 s, UpperFence = 65.209 s
ConfidenceInterval = [-121.211 s; 215.560 s] (CI 99.9%), Margin = 168.385 s (356.94% of Mean)
Skewness = -0.36, Kurtosis = 0.67, MValue = 2
-------------------- Histogram --------------------
[28.197 s ; 44.064 s) | @
[44.064 s ; 61.990 s) | @@
---------------------------------------------------

// * Summary *

BenchmarkDotNet v0.13.12, Windows 10 (10.0.19045.7548/22H2/2022Update)
Intel Core i7-8550U CPU 1.80GHz (Kaby Lake R), 1 CPU, 8 logical and 4 physical cores
.NET SDK 10.0.111
  [Host]     : .NET 10.0.11 (10.0.1126.37416), X64 RyuJIT AVX2 DEBUG
  Job-VGSYVB : .NET 10.0.11 (10.0.1126.37416), X64 RyuJIT AVX2

IterationCount=3  WarmupCount=1  

| Method                     | Mean    | Error    | StdDev  | Gen0         | Gen1         | Gen2         | Allocated |
|--------------------------- |--------:|---------:|--------:|-------------:|-------------:|-------------:|----------:|
| FilterRowsBy_OrdinalLinear | 47.17 s | 168.39 s | 9.230 s | 1578000.0000 | 1184000.0000 | 1179000.0000 |  33.78 GB |

// * Legends *
  Mean      : Arithmetic mean of all measurements
  Error     : Half of 99.9% confidence interval
  StdDev    : Standard deviation of all measurements
  Gen0      : GC Generation 0 collects per 1000 operations
  Gen1      : GC Generation 1 collects per 1000 operations
  Gen2      : GC Generation 2 collects per 1000 operations
  Allocated : Allocated memory per single operation (managed only, inclusive, 1KB = 1024B)
  1 s       : 1 Second (1 sec)

// * Diagnostic Output - MemoryDiagnoser *


// ***** BenchmarkRunner: End *****
Run time: 00:05:12 (312.86 sec), executed benchmarks: 1

Global total time: 00:06:12 (372.43 sec), executed benchmarks: 1
// * Artifacts cleanup *
Artifacts cleanup is finished
