// Validating benchmarks:
// ***** BenchmarkRunner: Start   *****
// ***** Found 5 benchmark(s) in total *****
// ***** Building 1 exe(s) in Parallel: Start   *****
// start dotnet  restore /p:UseSharedCompilation=false /p:BuildInParallel=false /m:1 /p:Deterministic=true /p:Optimize=true in C:\Magisterka\Kod\Deedle\tests\Deedle.Benchmarks\bin\Release\net10.0\56806f30-d10a-4798-8145-288d27eace38
// command took 5.85 sec and exited with 0
// start dotnet  build -c Release --no-restore /p:UseSharedCompilation=false /p:BuildInParallel=false /m:1 /p:Deterministic=true /p:Optimize=true in C:\Magisterka\Kod\Deedle\tests\Deedle.Benchmarks\bin\Release\net10.0\56806f30-d10a-4798-8145-288d27eace38
// command took 10.59 sec and exited with 0
// ***** Done, took 00:00:18 (18.95 sec)   *****
// Found 5 benchmarks:
//   RealSourceBenchmarks.VirtualCsv_FilterRowsBy_Step: Job-MPKMJS(IterationCount=5, WarmupCount=2)
//   RealSourceBenchmarks.VirtualCsv_Slice1000: Job-MPKMJS(IterationCount=5, WarmupCount=2)
//   RealSourceBenchmarks.VirtualCsv_StatsSum: Job-MPKMJS(IterationCount=5, WarmupCount=2)
//   RealSourceBenchmarks.MaterializedReadCsv_FilterScan: Job-MPKMJS(IterationCount=5, WarmupCount=2)
//   RealSourceBenchmarks.MaterializedReadCsv_StatsSum: Job-MPKMJS(IterationCount=5, WarmupCount=2)

Setup power plan (GUID: 8c5e7fda-e8bf-4a96-9a85-a6e23a8c635c FriendlyName: Wysoka wydajność)
// **************************
// Benchmark: RealSourceBenchmarks.VirtualCsv_FilterRowsBy_Step: Job-MPKMJS(IterationCount=5, WarmupCount=2)
// *** Execute ***
// Launch: 1 / 1
// Execute: dotnet 56806f30-d10a-4798-8145-288d27eace38.dll --anonymousPipes 4440 4444 --benchmarkName Deedle.Benchmarks.RealSourceBenchmarks.VirtualCsv_FilterRowsBy_Step --job "IterationCount=5, WarmupCount=2" --benchmarkId 0 in C:\Magisterka\Kod\Deedle\tests\Deedle.Benchmarks\bin\Release\net10.0\56806f30-d10a-4798-8145-288d27eace38\bin\Release\net10.0
// BeforeAnythingElse

// Benchmark Process Environment Information:
// BenchmarkDotNet v0.13.12
// Runtime=.NET 10.0.11 (10.0.1126.37416), X64 RyuJIT AVX2
// GC=Concurrent Workstation
// HardwareIntrinsics=AVX2,AES,BMI1,BMI2,FMA,LZCNT,PCLMUL,POPCNT VectorSize=256
// Job: Job-KZRCBH(IterationCount=5, WarmupCount=2)

OverheadJitting  1: 1 op, 296600.00 ns, 296.6000 us/op
WorkloadJitting  1: 1 op, 51641200.00 ns, 51.6412 ms/op

WorkloadPilot    1: 2 op, 659100.00 ns, 329.5500 us/op
WorkloadPilot    2: 3 op, 218800.00 ns, 72.9333 us/op
WorkloadPilot    3: 4 op, 520500.00 ns, 130.1250 us/op
WorkloadPilot    4: 5 op, 556900.00 ns, 111.3800 us/op
WorkloadPilot    5: 6 op, 932400.00 ns, 155.4000 us/op
WorkloadPilot    6: 7 op, 774000.00 ns, 110.5714 us/op
WorkloadPilot    7: 8 op, 212500.00 ns, 26.5625 us/op
WorkloadPilot    8: 9 op, 221600.00 ns, 24.6222 us/op
WorkloadPilot    9: 10 op, 258000.00 ns, 25.8000 us/op
WorkloadPilot   10: 11 op, 169800.00 ns, 15.4364 us/op
WorkloadPilot   11: 12 op, 754500.00 ns, 62.8750 us/op
WorkloadPilot   12: 13 op, 326700.00 ns, 25.1308 us/op
WorkloadPilot   13: 14 op, 321400.00 ns, 22.9571 us/op
WorkloadPilot   14: 15 op, 357000.00 ns, 23.8000 us/op
WorkloadPilot   15: 16 op, 424900.00 ns, 26.5562 us/op
WorkloadPilot   16: 32 op, 764600.00 ns, 23.8938 us/op
WorkloadPilot   17: 64 op, 636200.00 ns, 9.9406 us/op
WorkloadPilot   18: 128 op, 3168700.00 ns, 24.7555 us/op
WorkloadPilot   19: 256 op, 5624700.00 ns, 21.9715 us/op
WorkloadPilot   20: 512 op, 17374600.00 ns, 33.9348 us/op
WorkloadPilot   21: 1024 op, 32446400.00 ns, 31.6859 us/op
WorkloadPilot   22: 2048 op, 56154500.00 ns, 27.4192 us/op
WorkloadPilot   23: 4096 op, 112461400.00 ns, 27.4564 us/op
WorkloadPilot   24: 8192 op, 198821200.00 ns, 24.2702 us/op
WorkloadPilot   25: 16384 op, 238721600.00 ns, 14.5704 us/op
WorkloadPilot   26: 32768 op, 199294900.00 ns, 6.0820 us/op
WorkloadPilot   27: 65536 op, 254200700.00 ns, 3.8788 us/op
WorkloadPilot   28: 131072 op, 547168000.00 ns, 4.1746 us/op

WorkloadWarmup   1: 131072 op, 485247700.00 ns, 3.7021 us/op
WorkloadWarmup   2: 131072 op, 479581100.00 ns, 3.6589 us/op

// BeforeActualRun
WorkloadActual   1: 131072 op, 496217700.00 ns, 3.7858 us/op
WorkloadActual   2: 131072 op, 475989400.00 ns, 3.6315 us/op
WorkloadActual   3: 131072 op, 485322600.00 ns, 3.7027 us/op
WorkloadActual   4: 131072 op, 497009400.00 ns, 3.7919 us/op
WorkloadActual   5: 131072 op, 500024900.00 ns, 3.8149 us/op

// AfterActualRun
WorkloadResult   1: 131072 op, 496217700.00 ns, 3.7858 us/op
WorkloadResult   2: 131072 op, 475989400.00 ns, 3.6315 us/op
WorkloadResult   3: 131072 op, 485322600.00 ns, 3.7027 us/op
WorkloadResult   4: 131072 op, 497009400.00 ns, 3.7919 us/op
WorkloadResult   5: 131072 op, 500024900.00 ns, 3.8149 us/op
// GC:  104 0 0 438371528 131072
// Threading:  0 0 131072

// AfterAll
// Benchmark Process 18168 has exited with code 0.

Mean = 3.745 μs, StdErr = 0.034 μs (0.91%), N = 5, StdDev = 0.077 μs
Min = 3.632 μs, Q1 = 3.703 μs, Median = 3.786 μs, Q3 = 3.792 μs, Max = 3.815 μs
IQR = 0.089 μs, LowerFence = 3.569 μs, UpperFence = 3.926 μs
ConfidenceInterval = [3.451 μs; 4.040 μs] (CI 99.9%), Margin = 0.295 μs (7.87% of Mean)
Skewness = -0.47, Kurtosis = 1.18, MValue = 2

// ** Remained 4 (80,0%) benchmark(s) to run. Estimated finish 2026-08-18 11:23 (0h 0m from now) **
Setup power plan (GUID: 8c5e7fda-e8bf-4a96-9a85-a6e23a8c635c FriendlyName: Wysoka wydajność)
// **************************
// Benchmark: RealSourceBenchmarks.VirtualCsv_Slice1000: Job-MPKMJS(IterationCount=5, WarmupCount=2)
// *** Execute ***
// Launch: 1 / 1
// Execute: dotnet 56806f30-d10a-4798-8145-288d27eace38.dll --anonymousPipes 4024 4032 --benchmarkName Deedle.Benchmarks.RealSourceBenchmarks.VirtualCsv_Slice1000 --job "IterationCount=5, WarmupCount=2" --benchmarkId 1 in C:\Magisterka\Kod\Deedle\tests\Deedle.Benchmarks\bin\Release\net10.0\56806f30-d10a-4798-8145-288d27eace38\bin\Release\net10.0
// BeforeAnythingElse

// Benchmark Process Environment Information:
// BenchmarkDotNet v0.13.12
// Runtime=.NET 10.0.11 (10.0.1126.37416), X64 RyuJIT AVX2
// GC=Concurrent Workstation
// HardwareIntrinsics=AVX2,AES,BMI1,BMI2,FMA,LZCNT,PCLMUL,POPCNT VectorSize=256
// Job: Job-MVLZHN(IterationCount=5, WarmupCount=2)

OverheadJitting  1: 1 op, 278900.00 ns, 278.9000 us/op
WorkloadJitting  1: 1 op, 31388100.00 ns, 31.3881 ms/op

OverheadJitting  2: 16 op, 326900.00 ns, 20.4312 us/op
WorkloadJitting  2: 16 op, 499700.00 ns, 31.2312 us/op

WorkloadPilot    1: 16 op, 102700.00 ns, 6.4188 us/op
WorkloadPilot    2: 32 op, 507200.00 ns, 15.8500 us/op
WorkloadPilot    3: 64 op, 271300.00 ns, 4.2391 us/op
WorkloadPilot    4: 128 op, 1349200.00 ns, 10.5406 us/op
WorkloadPilot    5: 256 op, 2402200.00 ns, 9.3836 us/op
WorkloadPilot    6: 512 op, 5704300.00 ns, 11.1412 us/op
WorkloadPilot    7: 1024 op, 3822700.00 ns, 3.7331 us/op
WorkloadPilot    8: 2048 op, 12206600.00 ns, 5.9603 us/op
WorkloadPilot    9: 4096 op, 25503600.00 ns, 6.2265 us/op
WorkloadPilot   10: 8192 op, 45267000.00 ns, 5.5258 us/op
WorkloadPilot   11: 16384 op, 61340300.00 ns, 3.7439 us/op
WorkloadPilot   12: 32768 op, 83335800.00 ns, 2.5432 us/op
WorkloadPilot   13: 65536 op, 99357500.00 ns, 1.5161 us/op
WorkloadPilot   14: 131072 op, 183971900.00 ns, 1.4036 us/op
WorkloadPilot   15: 262144 op, 394454400.00 ns, 1.5047 us/op
WorkloadPilot   16: 524288 op, 915105900.00 ns, 1.7454 us/op

OverheadWarmup   1: 524288 op, 3939600.00 ns, 7.5142 ns/op
OverheadWarmup   2: 524288 op, 1565800.00 ns, 2.9865 ns/op
OverheadWarmup   3: 524288 op, 1218800.00 ns, 2.3247 ns/op
OverheadWarmup   4: 524288 op, 1692600.00 ns, 3.2284 ns/op
OverheadWarmup   5: 524288 op, 1817000.00 ns, 3.4657 ns/op
OverheadWarmup   6: 524288 op, 2260900.00 ns, 4.3123 ns/op
OverheadWarmup   7: 524288 op, 2170200.00 ns, 4.1393 ns/op
OverheadWarmup   8: 524288 op, 1833800.00 ns, 3.4977 ns/op
OverheadWarmup   9: 524288 op, 1411100.00 ns, 2.6915 ns/op
OverheadWarmup  10: 524288 op, 1860900.00 ns, 3.5494 ns/op

OverheadActual   1: 524288 op, 1172200.00 ns, 2.2358 ns/op
OverheadActual   2: 524288 op, 1197300.00 ns, 2.2837 ns/op
OverheadActual   3: 524288 op, 2004300.00 ns, 3.8229 ns/op
OverheadActual   4: 524288 op, 1241900.00 ns, 2.3687 ns/op
OverheadActual   5: 524288 op, 1914400.00 ns, 3.6514 ns/op
OverheadActual   6: 524288 op, 1469500.00 ns, 2.8028 ns/op
OverheadActual   7: 524288 op, 1149600.00 ns, 2.1927 ns/op
OverheadActual   8: 524288 op, 2502200.00 ns, 4.7726 ns/op
OverheadActual   9: 524288 op, 2070400.00 ns, 3.9490 ns/op
OverheadActual  10: 524288 op, 1042900.00 ns, 1.9892 ns/op
OverheadActual  11: 524288 op, 1238000.00 ns, 2.3613 ns/op
OverheadActual  12: 524288 op, 1616000.00 ns, 3.0823 ns/op
OverheadActual  13: 524288 op, 1081200.00 ns, 2.0622 ns/op
OverheadActual  14: 524288 op, 1207200.00 ns, 2.3026 ns/op
OverheadActual  15: 524288 op, 1034400.00 ns, 1.9730 ns/op
OverheadActual  16: 524288 op, 1125600.00 ns, 2.1469 ns/op
OverheadActual  17: 524288 op, 2629100.00 ns, 5.0146 ns/op
OverheadActual  18: 524288 op, 1259300.00 ns, 2.4019 ns/op
OverheadActual  19: 524288 op, 1858900.00 ns, 3.5456 ns/op
OverheadActual  20: 524288 op, 1767800.00 ns, 3.3718 ns/op

WorkloadWarmup   1: 524288 op, 746478200.00 ns, 1.4238 us/op
WorkloadWarmup   2: 524288 op, 714232500.00 ns, 1.3623 us/op

// BeforeActualRun
WorkloadActual   1: 524288 op, 761611900.00 ns, 1.4527 us/op
WorkloadActual   2: 524288 op, 760445900.00 ns, 1.4504 us/op
WorkloadActual   3: 524288 op, 702868300.00 ns, 1.3406 us/op
WorkloadActual   4: 524288 op, 751017400.00 ns, 1.4325 us/op
WorkloadActual   5: 524288 op, 719973500.00 ns, 1.3732 us/op

// AfterActualRun
WorkloadResult   1: 524288 op, 760361300.00 ns, 1.4503 us/op
WorkloadResult   2: 524288 op, 759195300.00 ns, 1.4481 us/op
WorkloadResult   3: 524288 op, 701617700.00 ns, 1.3382 us/op
WorkloadResult   4: 524288 op, 749766800.00 ns, 1.4301 us/op
WorkloadResult   5: 524288 op, 718722900.00 ns, 1.3709 us/op
// GC:  216 0 0 906015200 524288
// Threading:  0 0 524288

// AfterAll
// Benchmark Process 1660 has exited with code 0.

Mean = 1.407 μs, StdErr = 0.022 μs (1.60%), N = 5, StdDev = 0.050 μs
Min = 1.338 μs, Q1 = 1.371 μs, Median = 1.430 μs, Q3 = 1.448 μs, Max = 1.450 μs
IQR = 0.077 μs, LowerFence = 1.255 μs, UpperFence = 1.564 μs
ConfidenceInterval = [1.214 μs; 1.601 μs] (CI 99.9%), Margin = 0.194 μs (13.76% of Mean)
Skewness = -0.35, Kurtosis = 0.97, MValue = 2

// ** Remained 3 (60,0%) benchmark(s) to run. Estimated finish 2026-08-18 11:23 (0h 0m from now) **
Setup power plan (GUID: 8c5e7fda-e8bf-4a96-9a85-a6e23a8c635c FriendlyName: Wysoka wydajność)
// **************************
// Benchmark: RealSourceBenchmarks.VirtualCsv_StatsSum: Job-MPKMJS(IterationCount=5, WarmupCount=2)
// *** Execute ***
// Launch: 1 / 1
// Execute: dotnet 56806f30-d10a-4798-8145-288d27eace38.dll --anonymousPipes 4012 8692 --benchmarkName Deedle.Benchmarks.RealSourceBenchmarks.VirtualCsv_StatsSum --job "IterationCount=5, WarmupCount=2" --benchmarkId 2 in C:\Magisterka\Kod\Deedle\tests\Deedle.Benchmarks\bin\Release\net10.0\56806f30-d10a-4798-8145-288d27eace38\bin\Release\net10.0
// BeforeAnythingElse

// Benchmark Process Environment Information:
// BenchmarkDotNet v0.13.12
// Runtime=.NET 10.0.11 (10.0.1126.37416), X64 RyuJIT AVX2
// GC=Concurrent Workstation
// HardwareIntrinsics=AVX2,AES,BMI1,BMI2,FMA,LZCNT,PCLMUL,POPCNT VectorSize=256
// Job: Job-TKXLKW(IterationCount=5, WarmupCount=2)

OverheadJitting  1: 1 op, 1017200.00 ns, 1.0172 ms/op
WorkloadJitting  1: 1 op, 113474000.00 ns, 113.4740 ms/op

WorkloadPilot    1: 2 op, 203595300.00 ns, 101.7977 ms/op
WorkloadPilot    2: 3 op, 152056200.00 ns, 50.6854 ms/op
WorkloadPilot    3: 4 op, 199957200.00 ns, 49.9893 ms/op
WorkloadPilot    4: 5 op, 255627400.00 ns, 51.1255 ms/op
WorkloadPilot    5: 6 op, 300329200.00 ns, 50.0549 ms/op
WorkloadPilot    6: 7 op, 349224000.00 ns, 49.8891 ms/op
WorkloadPilot    7: 8 op, 401179000.00 ns, 50.1474 ms/op
WorkloadPilot    8: 9 op, 436386200.00 ns, 48.4874 ms/op
WorkloadPilot    9: 10 op, 494445600.00 ns, 49.4446 ms/op
WorkloadPilot   10: 11 op, 549158000.00 ns, 49.9235 ms/op

WorkloadWarmup   1: 11 op, 535835300.00 ns, 48.7123 ms/op
WorkloadWarmup   2: 11 op, 534190200.00 ns, 48.5627 ms/op

// BeforeActualRun
WorkloadActual   1: 11 op, 554111200.00 ns, 50.3737 ms/op
WorkloadActual   2: 11 op, 554084100.00 ns, 50.3713 ms/op
WorkloadActual   3: 11 op, 691939500.00 ns, 62.9036 ms/op
WorkloadActual   4: 11 op, 543919600.00 ns, 49.4472 ms/op
WorkloadActual   5: 11 op, 544416200.00 ns, 49.4924 ms/op

// AfterActualRun
WorkloadResult   1: 11 op, 554111200.00 ns, 50.3737 ms/op
WorkloadResult   2: 11 op, 554084100.00 ns, 50.3713 ms/op
WorkloadResult   3: 11 op, 543919600.00 ns, 49.4472 ms/op
WorkloadResult   4: 11 op, 544416200.00 ns, 49.4924 ms/op
// GC:  144 0 0 602808384 11
// Threading:  0 0 11

// AfterAll
// Benchmark Process 4976 has exited with code 0.

Mean = 49.921 ms, StdErr = 0.261 ms (0.52%), N = 4, StdDev = 0.522 ms
Min = 49.447 ms, Q1 = 49.481 ms, Median = 49.932 ms, Q3 = 50.372 ms, Max = 50.374 ms
IQR = 0.891 ms, LowerFence = 48.145 ms, UpperFence = 51.708 ms
ConfidenceInterval = [46.551 ms; 53.291 ms] (CI 99.9%), Margin = 3.370 ms (6.75% of Mean)
Skewness = -0, Kurtosis = 0.57, MValue = 2

// ** Remained 2 (40,0%) benchmark(s) to run. Estimated finish 2026-08-18 11:23 (0h 0m from now) **
Setup power plan (GUID: 8c5e7fda-e8bf-4a96-9a85-a6e23a8c635c FriendlyName: Wysoka wydajność)
// **************************
// Benchmark: RealSourceBenchmarks.MaterializedReadCsv_FilterScan: Job-MPKMJS(IterationCount=5, WarmupCount=2)
// *** Execute ***
// Launch: 1 / 1
// Execute: dotnet 56806f30-d10a-4798-8145-288d27eace38.dll --anonymousPipes 9904 4040 --benchmarkName Deedle.Benchmarks.RealSourceBenchmarks.MaterializedReadCsv_FilterScan --job "IterationCount=5, WarmupCount=2" --benchmarkId 3 in C:\Magisterka\Kod\Deedle\tests\Deedle.Benchmarks\bin\Release\net10.0\56806f30-d10a-4798-8145-288d27eace38\bin\Release\net10.0
// BeforeAnythingElse

// Benchmark Process Environment Information:
// BenchmarkDotNet v0.13.12
// Runtime=.NET 10.0.11 (10.0.1126.37416), X64 RyuJIT AVX2
// GC=Concurrent Workstation
// HardwareIntrinsics=AVX2,AES,BMI1,BMI2,FMA,LZCNT,PCLMUL,POPCNT VectorSize=256
// Job: Job-JOBOYN(IterationCount=5, WarmupCount=2)

OverheadJitting  1: 1 op, 293900.00 ns, 293.9000 us/op
WorkloadJitting  1: 1 op, 40714700.00 ns, 40.7147 ms/op

WorkloadPilot    1: 2 op, 23339800.00 ns, 11.6699 ms/op
WorkloadPilot    2: 3 op, 40886300.00 ns, 13.6288 ms/op
WorkloadPilot    3: 4 op, 61796100.00 ns, 15.4490 ms/op
WorkloadPilot    4: 5 op, 28778500.00 ns, 5.7557 ms/op
WorkloadPilot    5: 6 op, 30824500.00 ns, 5.1374 ms/op
WorkloadPilot    6: 7 op, 33257200.00 ns, 4.7510 ms/op
WorkloadPilot    7: 8 op, 35265200.00 ns, 4.4082 ms/op
WorkloadPilot    8: 9 op, 40453900.00 ns, 4.4949 ms/op
WorkloadPilot    9: 10 op, 47973200.00 ns, 4.7973 ms/op
WorkloadPilot   10: 11 op, 50009400.00 ns, 4.5463 ms/op
WorkloadPilot   11: 12 op, 59517900.00 ns, 4.9598 ms/op
WorkloadPilot   12: 13 op, 53036100.00 ns, 4.0797 ms/op
WorkloadPilot   13: 14 op, 56437300.00 ns, 4.0312 ms/op
WorkloadPilot   14: 15 op, 76493500.00 ns, 5.0996 ms/op
WorkloadPilot   15: 16 op, 65708400.00 ns, 4.1068 ms/op
WorkloadPilot   16: 32 op, 132959400.00 ns, 4.1550 ms/op
WorkloadPilot   17: 64 op, 263882800.00 ns, 4.1232 ms/op
WorkloadPilot   18: 128 op, 515600900.00 ns, 4.0281 ms/op

WorkloadWarmup   1: 128 op, 514437700.00 ns, 4.0190 ms/op
WorkloadWarmup   2: 128 op, 518558600.00 ns, 4.0512 ms/op

// BeforeActualRun
WorkloadActual   1: 128 op, 563855800.00 ns, 4.4051 ms/op
WorkloadActual   2: 128 op, 518286200.00 ns, 4.0491 ms/op
WorkloadActual   3: 128 op, 547807300.00 ns, 4.2797 ms/op
WorkloadActual   4: 128 op, 588733400.00 ns, 4.5995 ms/op
WorkloadActual   5: 128 op, 582294600.00 ns, 4.5492 ms/op

// AfterActualRun
WorkloadResult   1: 128 op, 563855800.00 ns, 4.4051 ms/op
WorkloadResult   2: 128 op, 518286200.00 ns, 4.0491 ms/op
WorkloadResult   3: 128 op, 547807300.00 ns, 4.2797 ms/op
WorkloadResult   4: 128 op, 588733400.00 ns, 4.5995 ms/op
WorkloadResult   5: 128 op, 582294600.00 ns, 4.5492 ms/op
// GC:  0 0 0 11328 128
// Threading:  0 0 128

// AfterAll
// Benchmark Process 22000 has exited with code 0.

Mean = 4.377 ms, StdErr = 0.099 ms (2.27%), N = 5, StdDev = 0.222 ms
Min = 4.049 ms, Q1 = 4.280 ms, Median = 4.405 ms, Q3 = 4.549 ms, Max = 4.599 ms
IQR = 0.269 ms, LowerFence = 3.876 ms, UpperFence = 4.953 ms
ConfidenceInterval = [3.522 ms; 5.231 ms] (CI 99.9%), Margin = 0.854 ms (19.52% of Mean)
Skewness = -0.36, Kurtosis = 1.23, MValue = 2

// ** Remained 1 (20,0%) benchmark(s) to run. Estimated finish 2026-08-18 11:23 (0h 0m from now) **
Setup power plan (GUID: 8c5e7fda-e8bf-4a96-9a85-a6e23a8c635c FriendlyName: Wysoka wydajność)
// **************************
// Benchmark: RealSourceBenchmarks.MaterializedReadCsv_StatsSum: Job-MPKMJS(IterationCount=5, WarmupCount=2)
// *** Execute ***
// Launch: 1 / 1
// Execute: dotnet 56806f30-d10a-4798-8145-288d27eace38.dll --anonymousPipes 9904 9852 --benchmarkName Deedle.Benchmarks.RealSourceBenchmarks.MaterializedReadCsv_StatsSum --job "IterationCount=5, WarmupCount=2" --benchmarkId 4 in C:\Magisterka\Kod\Deedle\tests\Deedle.Benchmarks\bin\Release\net10.0\56806f30-d10a-4798-8145-288d27eace38\bin\Release\net10.0
// BeforeAnythingElse

// Benchmark Process Environment Information:
// BenchmarkDotNet v0.13.12
// Runtime=.NET 10.0.11 (10.0.1126.37416), X64 RyuJIT AVX2
// GC=Concurrent Workstation
// HardwareIntrinsics=AVX2,AES,BMI1,BMI2,FMA,LZCNT,PCLMUL,POPCNT VectorSize=256
// Job: Job-MRCINY(IterationCount=5, WarmupCount=2)

OverheadJitting  1: 1 op, 685000.00 ns, 685.0000 us/op
WorkloadJitting  1: 1 op, 117743500.00 ns, 117.7435 ms/op

WorkloadPilot    1: 2 op, 120128400.00 ns, 60.0642 ms/op
WorkloadPilot    2: 3 op, 175033900.00 ns, 58.3446 ms/op
WorkloadPilot    3: 4 op, 195259300.00 ns, 48.8148 ms/op
WorkloadPilot    4: 5 op, 137327700.00 ns, 27.4655 ms/op
WorkloadPilot    5: 6 op, 173099100.00 ns, 28.8498 ms/op
WorkloadPilot    6: 7 op, 201408800.00 ns, 28.7727 ms/op
WorkloadPilot    7: 8 op, 254930400.00 ns, 31.8663 ms/op
WorkloadPilot    8: 9 op, 315775200.00 ns, 35.0861 ms/op
WorkloadPilot    9: 10 op, 326084100.00 ns, 32.6084 ms/op
WorkloadPilot   10: 11 op, 354063000.00 ns, 32.1875 ms/op
WorkloadPilot   11: 12 op, 337380400.00 ns, 28.1150 ms/op
WorkloadPilot   12: 13 op, 359651200.00 ns, 27.6655 ms/op
WorkloadPilot   13: 14 op, 436087800.00 ns, 31.1491 ms/op
WorkloadPilot   14: 15 op, 480550300.00 ns, 32.0367 ms/op
WorkloadPilot   15: 16 op, 404869600.00 ns, 25.3043 ms/op
WorkloadPilot   16: 32 op, 883341600.00 ns, 27.6044 ms/op

WorkloadWarmup   1: 32 op, 927473300.00 ns, 28.9835 ms/op
WorkloadWarmup   2: 32 op, 800650100.00 ns, 25.0203 ms/op

// BeforeActualRun
WorkloadActual   1: 32 op, 784114100.00 ns, 24.5036 ms/op
WorkloadActual   2: 32 op, 801730700.00 ns, 25.0541 ms/op
WorkloadActual   3: 32 op, 804928400.00 ns, 25.1540 ms/op
WorkloadActual   4: 32 op, 807119200.00 ns, 25.2225 ms/op
WorkloadActual   5: 32 op, 808543200.00 ns, 25.2670 ms/op

// AfterActualRun
WorkloadResult   1: 32 op, 784114100.00 ns, 24.5036 ms/op
WorkloadResult   2: 32 op, 801730700.00 ns, 25.0541 ms/op
WorkloadResult   3: 32 op, 804928400.00 ns, 25.1540 ms/op
WorkloadResult   4: 32 op, 807119200.00 ns, 25.2225 ms/op
WorkloadResult   5: 32 op, 808543200.00 ns, 25.2670 ms/op
// GC:  185 2 2 844825344 32
// Threading:  0 0 32

// AfterAll
// Benchmark Process 21180 has exited with code 0.

Mean = 25.040 ms, StdErr = 0.139 ms (0.55%), N = 5, StdDev = 0.311 ms
Min = 24.504 ms, Q1 = 25.054 ms, Median = 25.154 ms, Q3 = 25.222 ms, Max = 25.267 ms
IQR = 0.168 ms, LowerFence = 24.801 ms, UpperFence = 25.475 ms
ConfidenceInterval = [23.844 ms; 26.236 ms] (CI 99.9%), Margin = 1.196 ms (4.78% of Mean)
Skewness = -0.9, Kurtosis = 1.87, MValue = 2

// ** Remained 0 (0,0%) benchmark(s) to run. Estimated finish 2026-08-18 11:23 (0h 0m from now) **
Successfully reverted power plan (GUID: 8c5e7fda-e8bf-4a96-9a85-a6e23a8c635c FriendlyName: Wysoka wydajność)
// ***** BenchmarkRunner: Finish  *****

// * Export *
  BenchmarkDotNet.Artifacts\results\Deedle.Benchmarks.RealSourceBenchmarks-report.csv
  BenchmarkDotNet.Artifacts\results\Deedle.Benchmarks.RealSourceBenchmarks-report-github.md
  BenchmarkDotNet.Artifacts\results\Deedle.Benchmarks.RealSourceBenchmarks-report.html

// * Detailed results *
RealSourceBenchmarks.VirtualCsv_FilterRowsBy_Step: Job-MPKMJS(IterationCount=5, WarmupCount=2)
Runtime = .NET 10.0.11 (10.0.1126.37416), X64 RyuJIT AVX2; GC = Concurrent Workstation
Mean = 3.745 μs, StdErr = 0.034 μs (0.91%), N = 5, StdDev = 0.077 μs
Min = 3.632 μs, Q1 = 3.703 μs, Median = 3.786 μs, Q3 = 3.792 μs, Max = 3.815 μs
IQR = 0.089 μs, LowerFence = 3.569 μs, UpperFence = 3.926 μs
ConfidenceInterval = [3.451 μs; 4.040 μs] (CI 99.9%), Margin = 0.295 μs (7.87% of Mean)
Skewness = -0.47, Kurtosis = 1.18, MValue = 2
-------------------- Histogram --------------------
[3.573 μs ; 3.700 μs) | @
[3.700 μs ; 3.818 μs) | @@@@
---------------------------------------------------

RealSourceBenchmarks.VirtualCsv_Slice1000: Job-MPKMJS(IterationCount=5, WarmupCount=2)
Runtime = .NET 10.0.11 (10.0.1126.37416), X64 RyuJIT AVX2; GC = Concurrent Workstation
Mean = 1.407 μs, StdErr = 0.022 μs (1.60%), N = 5, StdDev = 0.050 μs
Min = 1.338 μs, Q1 = 1.371 μs, Median = 1.430 μs, Q3 = 1.448 μs, Max = 1.450 μs
IQR = 0.077 μs, LowerFence = 1.255 μs, UpperFence = 1.564 μs
ConfidenceInterval = [1.214 μs; 1.601 μs] (CI 99.9%), Margin = 0.194 μs (13.76% of Mean)
Skewness = -0.35, Kurtosis = 0.97, MValue = 2
-------------------- Histogram --------------------
[1.316 μs ; 1.402 μs) | @@
[1.402 μs ; 1.489 μs) | @@@
---------------------------------------------------

RealSourceBenchmarks.VirtualCsv_StatsSum: Job-MPKMJS(IterationCount=5, WarmupCount=2)
Runtime = .NET 10.0.11 (10.0.1126.37416), X64 RyuJIT AVX2; GC = Concurrent Workstation
Mean = 49.921 ms, StdErr = 0.261 ms (0.52%), N = 4, StdDev = 0.522 ms
Min = 49.447 ms, Q1 = 49.481 ms, Median = 49.932 ms, Q3 = 50.372 ms, Max = 50.374 ms
IQR = 0.891 ms, LowerFence = 48.145 ms, UpperFence = 51.708 ms
ConfidenceInterval = [46.551 ms; 53.291 ms] (CI 99.9%), Margin = 3.370 ms (6.75% of Mean)
Skewness = -0, Kurtosis = 0.57, MValue = 2
-------------------- Histogram --------------------
[49.016 ms ; 50.805 ms) | @@@@
---------------------------------------------------

RealSourceBenchmarks.MaterializedReadCsv_FilterScan: Job-MPKMJS(IterationCount=5, WarmupCount=2)
Runtime = .NET 10.0.11 (10.0.1126.37416), X64 RyuJIT AVX2; GC = Concurrent Workstation
Mean = 4.377 ms, StdErr = 0.099 ms (2.27%), N = 5, StdDev = 0.222 ms
Min = 4.049 ms, Q1 = 4.280 ms, Median = 4.405 ms, Q3 = 4.549 ms, Max = 4.599 ms
IQR = 0.269 ms, LowerFence = 3.876 ms, UpperFence = 4.953 ms
ConfidenceInterval = [3.522 ms; 5.231 ms] (CI 99.9%), Margin = 0.854 ms (19.52% of Mean)
Skewness = -0.36, Kurtosis = 1.23, MValue = 2
-------------------- Histogram --------------------
[3.879 ms ; 4.269 ms) | @
[4.269 ms ; 4.610 ms) | @@@@
---------------------------------------------------

RealSourceBenchmarks.MaterializedReadCsv_StatsSum: Job-MPKMJS(IterationCount=5, WarmupCount=2)
Runtime = .NET 10.0.11 (10.0.1126.37416), X64 RyuJIT AVX2; GC = Concurrent Workstation
Mean = 25.040 ms, StdErr = 0.139 ms (0.55%), N = 5, StdDev = 0.311 ms
Min = 24.504 ms, Q1 = 25.054 ms, Median = 25.154 ms, Q3 = 25.222 ms, Max = 25.267 ms
IQR = 0.168 ms, LowerFence = 24.801 ms, UpperFence = 25.475 ms
ConfidenceInterval = [23.844 ms; 26.236 ms] (CI 99.9%), Margin = 1.196 ms (4.78% of Mean)
Skewness = -0.9, Kurtosis = 1.87, MValue = 2
-------------------- Histogram --------------------
[24.265 ms ; 25.412 ms) | @@@@@
---------------------------------------------------

// * Summary *

BenchmarkDotNet v0.13.12, Windows 10 (10.0.19045.7663/22H2/2022Update)
Intel Core i7-8550U CPU 1.80GHz (Kaby Lake R), 1 CPU, 8 logical and 4 physical cores
.NET SDK 10.0.111
  [Host]     : .NET 10.0.11 (10.0.1126.37416), X64 RyuJIT AVX2 DEBUG
  Job-MPKMJS : .NET 10.0.11 (10.0.1126.37416), X64 RyuJIT AVX2

IterationCount=5  WarmupCount=2  

| Method                         | Mean          | Error         | StdDev      | Ratio     | RatioSD | Gen0       | Gen1    | Gen2    | Allocated  | Alloc Ratio |
|------------------------------- |--------------:|--------------:|------------:|----------:|--------:|-----------:|--------:|--------:|-----------:|------------:|
| VirtualCsv_FilterRowsBy_Step   |      3.745 μs |     0.2946 μs |   0.0765 μs |      1.00 |    0.00 |     0.7935 |       - |       - |     3345 B |        1.00 |
| VirtualCsv_Slice1000           |      1.407 μs |     0.1937 μs |   0.0503 μs |      0.38 |    0.02 |     0.4120 |       - |       - |     1728 B |        0.52 |
| VirtualCsv_StatsSum            | 49,921.161 μs | 3,369.9498 μs | 521.5035 μs | 13,395.74 |  343.18 | 13090.9091 |       - |       - | 54800762 B |   16,382.89 |
| MaterializedReadCsv_FilterScan |  4,376.527 μs |   854.3347 μs | 221.8680 μs |  1,167.97 |   37.42 |          - |       - |       - |       88 B |        0.03 |
| MaterializedReadCsv_StatsSum   | 25,040.222 μs | 1,195.8305 μs | 310.5534 μs |  6,687.97 |  164.05 |  5781.2500 | 62.5000 | 62.5000 | 26400792 B |    7,892.61 |

// * Hints *
Outliers
  RealSourceBenchmarks.VirtualCsv_StatsSum: IterationCount=5, WarmupCount=2          -> 1 outlier  was  removed (62.90 ms)
  RealSourceBenchmarks.MaterializedReadCsv_StatsSum: IterationCount=5, WarmupCount=2 -> 1 outlier  was  detected (24.50 ms)

// * Legends *
  Mean        : Arithmetic mean of all measurements
  Error       : Half of 99.9% confidence interval
  StdDev      : Standard deviation of all measurements
  Ratio       : Mean of the ratio distribution ([Current]/[Baseline])
  RatioSD     : Standard deviation of the ratio distribution ([Current]/[Baseline])
  Gen0        : GC Generation 0 collects per 1000 operations
  Gen1        : GC Generation 1 collects per 1000 operations
  Gen2        : GC Generation 2 collects per 1000 operations
  Allocated   : Allocated memory per single operation (managed only, inclusive, 1KB = 1024B)
  Alloc Ratio : Allocated memory ratio distribution ([Current]/[Baseline])
  1 μs        : 1 Microsecond (0.000001 sec)

// * Diagnostic Output - MemoryDiagnoser *


// ***** BenchmarkRunner: End *****
Run time: 00:01:06 (66.18 sec), executed benchmarks: 5

Global total time: 00:01:25 (85.65 sec), executed benchmarks: 5
// * Artifacts cleanup *
Artifacts cleanup is finished
