// Validating benchmarks:
// ***** BenchmarkRunner: Start   *****
// ***** Found 1 benchmark(s) in total *****
// ***** Building 1 exe(s) in Parallel: Start   *****
// start dotnet  restore /p:UseSharedCompilation=false /p:BuildInParallel=false /m:1 /p:Deterministic=true /p:Optimize=true in C:\Magisterka\Kod\Deedle\tests\Deedle.Benchmarks\bin\Release\net10.0\4defead8-78ac-42a6-944d-669b8dda96f2
// command took 9.98 sec and exited with 0
// start dotnet  build -c Release --no-restore /p:UseSharedCompilation=false /p:BuildInParallel=false /m:1 /p:Deterministic=true /p:Optimize=true in C:\Magisterka\Kod\Deedle\tests\Deedle.Benchmarks\bin\Release\net10.0\4defead8-78ac-42a6-944d-669b8dda96f2
// command took 18.04 sec and exited with 0
// ***** Done, took 00:00:31 (31.64 sec)   *****
// Found 1 benchmarks:
//   VirtualBenchmarks.FilterRowsBy_OrdinalLinear: Job-NIXKNA(IterationCount=3, WarmupCount=1)

Setup power plan (GUID: 8c5e7fda-e8bf-4a96-9a85-a6e23a8c635c FriendlyName: Wysoka wydajność)
// **************************
// Benchmark: VirtualBenchmarks.FilterRowsBy_OrdinalLinear: Job-NIXKNA(IterationCount=3, WarmupCount=1)
// *** Execute ***
// Launch: 1 / 1
// Execute: dotnet 4defead8-78ac-42a6-944d-669b8dda96f2.dll --anonymousPipes 9816 10212 --benchmarkName Deedle.Benchmarks.VirtualBenchmarks.FilterRowsBy_OrdinalLinear --job "IterationCount=3, WarmupCount=1" --benchmarkId 0 in C:\Magisterka\Kod\Deedle\tests\Deedle.Benchmarks\bin\Release\net10.0\4defead8-78ac-42a6-944d-669b8dda96f2\bin\Release\net10.0
// BeforeAnythingElse

// Benchmark Process Environment Information:
// BenchmarkDotNet v0.13.12
// Runtime=.NET 10.0.11 (10.0.1126.37416), X64 RyuJIT AVX2
// GC=Concurrent Workstation
// HardwareIntrinsics=AVX2,AES,BMI1,BMI2,FMA,LZCNT,PCLMUL,POPCNT VectorSize=256
// Job: Job-MAKUDQ(IterationCount=3, WarmupCount=1)

OverheadJitting  1: 1 op, 470100.00 ns, 470.1000 us/op
WorkloadJitting  1: 1 op, 36523170000.00 ns, 36.5232 s/op

WorkloadWarmup   1: 1 op, 32297271900.00 ns, 32.2973 s/op

// BeforeActualRun
WorkloadActual   1: 1 op, 51251210200.00 ns, 51.2512 s/op
WorkloadActual   2: 1 op, 50154405300.00 ns, 50.1544 s/op
WorkloadActual   3: 1 op, 60172170600.00 ns, 60.1722 s/op

// AfterActualRun
WorkloadResult   1: 1 op, 51251210200.00 ns, 51.2512 s/op
WorkloadResult   2: 1 op, 50154405300.00 ns, 50.1544 s/op
WorkloadResult   3: 1 op, 60172170600.00 ns, 60.1722 s/op
// GC:  1585 1187 1186 36270721888 1
// Threading:  0 0 1

// AfterAll
// Benchmark Process 10176 has exited with code 0.

Mean = 53.859 s, StdErr = 3.172 s (5.89%), N = 3, StdDev = 5.495 s
Min = 50.154 s, Q1 = 50.703 s, Median = 51.251 s, Q3 = 55.712 s, Max = 60.172 s
IQR = 5.009 s, LowerFence = 43.189 s, UpperFence = 63.225 s
ConfidenceInterval = [-46.382 s; 154.101 s] (CI 99.9%), Margin = 100.242 s (186.12% of Mean)
Skewness = 0.37, Kurtosis = 0.67, MValue = 2

// ** Remained 0 (0,0%) benchmark(s) to run. Estimated finish 2026-08-14 23:44 (0h 0m from now) **
Successfully reverted power plan (GUID: 8c5e7fda-e8bf-4a96-9a85-a6e23a8c635c FriendlyName: Wysoka wydajność)
// ***** BenchmarkRunner: Finish  *****

// * Export *
  BenchmarkDotNet.Artifacts\results\Deedle.Benchmarks.VirtualBenchmarks-report.csv
  BenchmarkDotNet.Artifacts\results\Deedle.Benchmarks.VirtualBenchmarks-report-github.md
  BenchmarkDotNet.Artifacts\results\Deedle.Benchmarks.VirtualBenchmarks-report.html

// * Detailed results *
VirtualBenchmarks.FilterRowsBy_OrdinalLinear: Job-NIXKNA(IterationCount=3, WarmupCount=1)
Runtime = .NET 10.0.11 (10.0.1126.37416), X64 RyuJIT AVX2; GC = Concurrent Workstation
Mean = 53.859 s, StdErr = 3.172 s (5.89%), N = 3, StdDev = 5.495 s
Min = 50.154 s, Q1 = 50.703 s, Median = 51.251 s, Q3 = 55.712 s, Max = 60.172 s
IQR = 5.009 s, LowerFence = 43.189 s, UpperFence = 63.225 s
ConfidenceInterval = [-46.382 s; 154.101 s] (CI 99.9%), Margin = 100.242 s (186.12% of Mean)
Skewness = 0.37, Kurtosis = 0.67, MValue = 2
-------------------- Histogram --------------------
[45.154 s ; 55.703 s) | @@
[55.703 s ; 65.172 s) | @
---------------------------------------------------

// * Summary *

BenchmarkDotNet v0.13.12, Windows 10 (10.0.19045.7548/22H2/2022Update)
Intel Core i7-8550U CPU 1.80GHz (Kaby Lake R), 1 CPU, 8 logical and 4 physical cores
.NET SDK 10.0.111
  [Host]     : .NET 10.0.11 (10.0.1126.37416), X64 RyuJIT AVX2 DEBUG
  Job-NIXKNA : .NET 10.0.11 (10.0.1126.37416), X64 RyuJIT AVX2

IterationCount=3  WarmupCount=1  

| Method                     | Mean    | Error    | StdDev  | Gen0         | Gen1         | Gen2         | Allocated |
|--------------------------- |--------:|---------:|--------:|-------------:|-------------:|-------------:|----------:|
| FilterRowsBy_OrdinalLinear | 53.86 s | 100.24 s | 5.495 s | 1585000.0000 | 1187000.0000 | 1186000.0000 |  33.78 GB |

// * Legends *
  Mean      : Arithmetic mean of all measurements
  Error     : Half of 99.9% confidence interval
  StdDev    : Standard deviation of all measurements
  Gen0      : GC Generation 0 collects per 1000 operations
  Gen1      : GC Generation 1 collects per 1000 operations
  Gen2      : GC Generation 2 collects per 1000 operations
  Allocated : Allocated memory per single operation (managed only, inclusive, 1KB = 1024B)
  1 s       : 1 Second (1 sec)

// * Diagnostic Output - MemoryDiagnoser *


// ***** BenchmarkRunner: End *****
Run time: 08:46:47 (31607.68 sec), executed benchmarks: 1

Global total time: 08:47:23 (31643.59 sec), executed benchmarks: 1
// * Artifacts cleanup *
Artifacts cleanup is finished
